Archive member included to satisfy reference by file (symbol)

D:/Arm GNU Toolchain arm-none-eabi/13.3 rel1/bin/../lib/gcc/arm-none-eabi/13.3.1/thumb/v7-m/nofp\libg.a(libc_a-memset.o)
                              C:\Users\arthu\AppData\Local\Temp\ccnHivya.ltrans0.ltrans.o (memset)

Discarded input sections

 .data          0x00000000        0x0 ./build/obj/crt0_v7m.o
 .bss           0x00000000        0x0 ./build/obj/crt0_v7m.o
 .data          0x00000000        0x0 ./build/obj/vectors.o
 .bss           0x00000000        0x0 ./build/obj/vectors.o
 .data          0x00000000        0x0 ./build/obj/chcoreasm.o
 .bss           0x00000000        0x0 ./build/obj/chcoreasm.o
 .text          0x00000000        0x0 C:\Users\arthu\AppData\Local\Temp\ccnHivya.ltrans0.ltrans.o
 .data          0x00000000        0x0 C:\Users\arthu\AppData\Local\Temp\ccnHivya.ltrans0.ltrans.o
 .bss           0x00000000        0x0 C:\Users\arthu\AppData\Local\Temp\ccnHivya.ltrans0.ltrans.o
 .comment       0x00000000       0x46 C:\Users\arthu\AppData\Local\Temp\cchJ098r.debug.temp.o
 .comment       0x00000000       0x46 C:\Users\arthu\AppData\Local\Temp\ccQDVczJ.debug.temp.o
 .comment       0x00000000       0x46 C:\Users\arthu\AppData\Local\Temp\cc5vgxU0.debug.temp.o
 .debug_info    0x00000000      0xbdb C:\Users\arthu\AppData\Local\Temp\ccgWxSti.debug.temp.o
 .debug_abbrev  0x00000000      0x1f4 C:\Users\arthu\AppData\Local\Temp\ccgWxSti.debug.temp.o
 .debug_line    0x00000000       0xaf C:\Users\arthu\AppData\Local\Temp\ccgWxSti.debug.temp.o
 .debug_str     0x00000000      0x79b C:\Users\arthu\AppData\Local\Temp\ccgWxSti.debug.temp.o
 .debug_line_str
                0x00000000      0x2b7 C:\Users\arthu\AppData\Local\Temp\ccgWxSti.debug.temp.o
 .comment       0x00000000       0x46 C:\Users\arthu\AppData\Local\Temp\ccgWxSti.debug.temp.o
 .debug_info    0x00000000      0x95a C:\Users\arthu\AppData\Local\Temp\ccV3DKYz.debug.temp.o
 .debug_abbrev  0x00000000      0x209 C:\Users\arthu\AppData\Local\Temp\ccV3DKYz.debug.temp.o
 .debug_line    0x00000000       0xa4 C:\Users\arthu\AppData\Local\Temp\ccV3DKYz.debug.temp.o
 .debug_str     0x00000000      0x5bf C:\Users\arthu\AppData\Local\Temp\ccV3DKYz.debug.temp.o
 .debug_line_str
                0x00000000      0x2d0 C:\Users\arthu\AppData\Local\Temp\ccV3DKYz.debug.temp.o
 .comment       0x00000000       0x46 C:\Users\arthu\AppData\Local\Temp\ccV3DKYz.debug.temp.o
 .debug_info    0x00000000      0x83f C:\Users\arthu\AppData\Local\Temp\cc8ynrwQ.debug.temp.o
 .debug_abbrev  0x00000000      0x20c C:\Users\arthu\AppData\Local\Temp\cc8ynrwQ.debug.temp.o
 .debug_line    0x00000000       0xa4 C:\Users\arthu\AppData\Local\Temp\cc8ynrwQ.debug.temp.o
 .debug_str     0x00000000      0x4ad C:\Users\arthu\AppData\Local\Temp\cc8ynrwQ.debug.temp.o
 .debug_line_str
                0x00000000      0x2cd C:\Users\arthu\AppData\Local\Temp\cc8ynrwQ.debug.temp.o
 .comment       0x00000000       0x46 C:\Users\arthu\AppData\Local\Temp\cc8ynrwQ.debug.temp.o
 .debug_info    0x00000000      0x5a5 C:\Users\arthu\AppData\Local\Temp\ccdohZZ6.debug.temp.o
 .debug_abbrev  0x00000000      0x15f C:\Users\arthu\AppData\Local\Temp\ccdohZZ6.debug.temp.o
 .debug_line    0x00000000       0x75 C:\Users\arthu\AppData\Local\Temp\ccdohZZ6.debug.temp.o
 .debug_str     0x00000000      0x520 C:\Users\arthu\AppData\Local\Temp\ccdohZZ6.debug.temp.o
 .debug_line_str
                0x00000000      0x1f2 C:\Users\arthu\AppData\Local\Temp\ccdohZZ6.debug.temp.o
 .comment       0x00000000       0x46 C:\Users\arthu\AppData\Local\Temp\ccdohZZ6.debug.temp.o
 .debug_info    0x00000000       0x7a C:\Users\arthu\AppData\Local\Temp\ccSFgPCn.debug.temp.o
 .debug_abbrev  0x00000000       0x26 C:\Users\arthu\AppData\Local\Temp\ccSFgPCn.debug.temp.o
 .debug_line    0x00000000       0x31 C:\Users\arthu\AppData\Local\Temp\ccSFgPCn.debug.temp.o
 .debug_str     0x00000000      0x1ac C:\Users\arthu\AppData\Local\Temp\ccSFgPCn.debug.temp.o
 .debug_line_str
                0x00000000       0x57 C:\Users\arthu\AppData\Local\Temp\ccSFgPCn.debug.temp.o
 .comment       0x00000000       0x46 C:\Users\arthu\AppData\Local\Temp\ccSFgPCn.debug.temp.o
 .comment       0x00000000       0x46 C:\Users\arthu\AppData\Local\Temp\ccxXfFfE.debug.temp.o
 .comment       0x00000000       0x46 C:\Users\arthu\AppData\Local\Temp\ccMFhw1U.debug.temp.o
 .comment       0x00000000       0x46 C:\Users\arthu\AppData\Local\Temp\cclKD6Yb.debug.temp.o
 .comment       0x00000000       0x46 C:\Users\arthu\AppData\Local\Temp\ccI8KmTs.debug.temp.o
 .debug_info    0x00000000       0x7a C:\Users\arthu\AppData\Local\Temp\cc7JkaxN.debug.temp.o
 .debug_abbrev  0x00000000       0x26 C:\Users\arthu\AppData\Local\Temp\cc7JkaxN.debug.temp.o
 .debug_line    0x00000000       0x31 C:\Users\arthu\AppData\Local\Temp\cc7JkaxN.debug.temp.o
 .debug_str     0x00000000      0x1c0 C:\Users\arthu\AppData\Local\Temp\cc7JkaxN.debug.temp.o
 .debug_line_str
[...]
Memory Configuration

Name             Origin             Length             Attributes
flash0           0x08000000         0x00020000         xr
flash1           0x00000000         0x00000000         xr
flash2           0x00000000         0x00000000         xr
flash3           0x00000000         0x00000000         xr
flash4           0x00000000         0x00000000         xr
flash5           0x00000000         0x00000000         xr
flash6           0x00000000         0x00000000         xr
flash7           0x00000000         0x00000000         xr
ram0             0x20000000         0x00005000         xw
ram1             0x00000000         0x00000000         xw
ram2             0x00000000         0x00000000         xw
ram3             0x00000000         0x00000000         xw
ram4             0x00000000         0x00000000         xw
ram5             0x00000000         0x00000000         xw
ram6             0x00000000         0x00000000         xw
ram7             0x00000000         0x00000000         xw
*default*        0x00000000         0xffffffff

Linker script and memory map

LOAD ./build/obj/crt0_v7m.o
LOAD ./build/obj/vectors.o
LOAD ./build/obj/chcoreasm.o
LOAD ./build/obj/crt1.o
LOAD C:\Users\arthu\AppData\Local\Temp\ccnHivya.ltrans0.ltrans.o
LOAD C:\Users\arthu\AppData\Local\Temp\cchJ098r.debug.temp.o
LOAD C:\Users\arthu\AppData\Local\Temp\ccQDVczJ.debug.temp.o
LOAD C:\Users\arthu\AppData\Local\Temp\cc5vgxU0.debug.temp.o
LOAD C:\Users\arthu\AppData\Local\Temp\ccgWxSti.debug.temp.o
LOAD C:\Users\arthu\AppData\Local\Temp\ccV3DKYz.debug.temp.o
LOAD C:\Users\arthu\AppData\Local\Temp\cc8ynrwQ.debug.temp.o
LOAD C:\Users\arthu\AppData\Local\Temp\ccdohZZ6.debug.temp.o
LOAD C:\Users\arthu\AppData\Local\Temp\ccSFgPCn.debug.temp.o
LOAD C:\Users\arthu\AppData\Local\Temp\ccxXfFfE.debug.temp.o
LOAD C:\Users\arthu\AppData\Local\Temp\ccMFhw1U.debug.temp.o
LOAD C:\Users\arthu\AppData\Local\Temp\cclKD6Yb.debug.temp.o
LOAD C:\Users\arthu\AppData\Local\Temp\ccI8KmTs.debug.temp.o
LOAD C:\Users\arthu\AppData\Local\Temp\cc7JkaxN.debug.temp.o
LOAD C:\Users\arthu\AppData\Local\Temp\ccoDNkj8.debug.temp.o
LOAD C:\Users\arthu\AppData\Local\Temp\ccfnU20s.debug.temp.o
LOAD C:\Users\arthu\AppData\Local\Temp\ccMIV3RN.debug.temp.o
LOAD C:\Users\arthu\AppData\Local\Temp\ccDkmcH8.debug.temp.o
LOAD C:\Users\arthu\AppData\Local\Temp\ccEh5XJt.debug.temp.o
LOAD C:\Users\arthu\AppData\Local\Temp\ccT1T5HO.debug.temp.o
LOAD C:\Users\arthu\AppData\Local\Temp\ccU0NcJ8.debug.temp.o
LOAD C:\Users\arthu\AppData\Local\Temp\ccl7uYFs.debug.temp.o
LOAD C:\Users\arthu\AppData\Local\Temp\ccqOSjMM.debug.temp.o
LOAD C:\Users\arthu\AppData\Local\Temp\ccpWP756.debug.temp.o
LOAD C:\Users\arthu\AppData\Local\Temp\cccipMlr.debug.temp.o
LOAD C:\Users\arthu\AppData\Local\Temp\ccD8vbKL.debug.temp.o
LOAD C:\Users\arthu\AppData\Local\Temp\cc4YCA85.debug.temp.o
LOAD C:\Users\arthu\AppData\Local\Temp\ccvPJZwq.debug.temp.o
LOAD C:\Users\arthu\AppData\Local\Temp\ccWFQoVK.debug.temp.o
LOAD C:\Users\arthu\AppData\Local\Temp\ccnwXNj5.debug.temp.o
LOAD C:\Users\arthu\AppData\Local\Temp\ccOm4cIp.debug.temp.o
LOAD C:\Users\arthu\AppData\Local\Temp\ccfdbC6J.debug.temp.o
LOAD C:\Users\arthu\AppData\Local\Temp\ccG3h1u4.debug.temp.o
LOAD C:\Users\arthu\AppData\Local\Temp\ccHu25On.debug.temp.o
LOAD C:\Users\arthu\AppData\Local\Temp\ccIVMa9G.debug.temp.o
LOAD C:\Users\arthu\AppData\Local\Temp\ccJmxft0.debug.temp.o
LOAD C:\Users\arthu\AppData\Local\Temp\ccKNhkNj.debug.temp.o
LOAD C:\Users\arthu\AppData\Local\Temp\ccLe2o7C.debug.temp.o
LOAD C:\Users\arthu\AppData\Local\Temp\ccMFMtrW.debug.temp.o
LOAD C:\Users\arthu\AppData\Local\Temp\ccN6wyLf.debug.temp.o
LOAD C:\Users\arthu\AppData\Local\Temp\cccq9tmC.debug.temp.o
LOAD C:\Users\arthu\AppData\Local\Temp\cc9ga89X.debug.temp.o
LOAD C:\Users\arthu\AppData\Local\Temp\ccUfENSj.debug.temp.o
LOAD C:\Users\arthu\AppData\Local\Temp\ccTdywPF.debug.temp.o
LOAD C:\Users\arthu\AppData\Local\Temp\ccy9RwH1.debug.temp.o
LOAD ./build/obj/hal.o
LOAD ./build/obj/hal_st.o
LOAD ./build/obj/hal_buffered_serial.o
LOAD ./build/obj/hal_buffers.o
LOAD ./build/obj/hal_queues.o
LOAD ./build/obj/hal_flash.o
LOAD ./build/obj/hal_mmcsd.o
LOAD ./build/obj/hal_pal.o
LOAD ./build/obj/nvic.o
LOAD ./build/obj/stm32_isr.o
LOAD ./build/obj/hal_lld.o
LOAD ./build/obj/hal_efl_lld.o
LOAD ./build/obj/stm32_dma.o
LOAD ./build/obj/hal_pal_lld.o
LOAD ./build/obj/hal_st_lld.o
LOAD ./build/obj/board.o
LOAD ./build/obj/osal.o
LOAD ./build/obj/chsys.o
LOAD ./build/obj/chrfcu.o
LOAD ./build/obj/chdebug.o
LOAD ./build/obj/chtrace.o
LOAD ./build/obj/chvt.o
LOAD ./build/obj/chschd.o
LOAD ./build/obj/chinstances.o
LOAD ./build/obj/chthreads.o
LOAD ./build/obj/chtm.o
LOAD ./build/obj/chregistry.o
LOAD ./build/obj/chsem.o
LOAD ./build/obj/chmtx.o
LOAD ./build/obj/chcond.o
LOAD ./build/obj/chevents.o
LOAD ./build/obj/chmsg.o
LOAD ./build/obj/chdynamic.o
LOAD ./build/obj/chmboxes.o
LOAD ./build/obj/chmemcore.o
LOAD ./build/obj/chmemheaps.o
LOAD ./build/obj/chmempools.o
LOAD ./build/obj/chpipes.o
LOAD ./build/obj/chobjcaches.o
LOAD ./build/obj/chdelegates.o
LOAD ./build/obj/chfactory.o
LOAD ./build/obj/chcore.o
LOAD ./build/obj/main.o

.mstack         0x20000000      0x400
                0x20000000                        . = ALIGN (0x8)
                0x20000000                        __main_stack_base__ = .
                0x20000400                        . = (. + __main_stack_size__)
 *fill*         0x20000000      0x400 
                0x20000400                        . = ALIGN (0x8)
                0x20000400                        __main_stack_end__ = .

.pstack         0x20000400      0x400
                0x20000400                        . = ALIGN (0x8)
                0x20000400                        __process_stack_base__ = .
                0x20000400                        __main_thread_stack_base__ = .
                0x20000800                        . = (. + __process_stack_size__)
 *fill*         0x20000400      0x400 
                0x20000800                        . = ALIGN (0x8)
                0x20000800                        __process_stack_end__ = .
                0x20000800                        __main_thread_stack_end__ = .

.vectors        0x08000000      0x160
                0x08000000                        __textvectors_base__ = LOADADDR (.vectors)
                0x08000000                        __vectors_base__ = .
 *(.vectors)
 .vectors       0x08000000      0x160 ./build/obj/vectors.o
                0x08000000                _vectors
                0x08000160                        __vectors_end__ = .

.xtors          0x08000160        0x0
                0x08000160                        __init_array_base__ = .
 *(SORT_BY_NAME(.init_array.*))
 *(.init_array)
                0x08000160                        __init_array_end__ = .
                0x08000160                        __fini_array_base__ = .
 *(.fini_array)
 *(SORT_BY_NAME(.fini_array.*))
                0x08000160                        __fini_array_end__ = .

.text           0x08000160     0x2194
                0x08000160                        __text_base__ = .
 *(.text)
 .text          0x08000160       0xd8 ./build/obj/crt0_v7m.o
                0x08000160                _crt0_entry
 .text          0x08000238        0x8 ./build/obj/vectors.o
                0x08000238                Reset_Handler
                0x0800023a                VectorAC
                0x0800023a                DebugMon_Handler
                0x0800023a                Vector11C
                0x0800023a                HardFault_Handler
                0x0800023a                Vector8C
                0x0800023a                VectorDC
                0x0800023a                PendSV_Handler
                0x0800023a                NMI_Handler
                0x0800023a                Vector110
                0x0800023a                Vector120
                0x0800023a                VectorC8
                0x0800023a                Vector94
                0x0800023a                VectorA8
                0x0800023a                VectorB4
                0x0800023a                Vector74
                0x0800023a                UsageFault_Handler
                0x0800023a                VectorEC
                0x0800023a                Vector40
                0x0800023a                VectorF8
                0x0800023a                Vector108
                0x0800023a                VectorBC
                0x0800023a                Vector150
                0x0800023a                Vector124
                0x0800023a                Vector148
                0x0800023a                Vector118
                0x0800023a                VectorE8
                0x0800023a                VectorCC
                0x0800023a                Vector54
                0x0800023a                Vector98
                0x0800023a                VectorD8
                0x0800023a                Vector138
                0x0800023a                Vector24
                0x0800023a                Vector84
                0x0800023a                SecureFault_Handler
                0x0800023a                VectorD0
                0x0800023a                Vector140
                0x0800023a                VectorE4
                0x0800023a                VectorC0
                0x0800023a                Vector158
                0x0800023a                Vector130
                0x0800023a                Vector134
                0x0800023a                VectorF0
                0x0800023a                Vector12C
                0x0800023a                Vector13C
                0x0800023a                Vector100
                0x0800023a                VectorF4
                0x0800023a                MemManage_Handler
                0x0800023a                Vector6C
                0x0800023a                VectorA0
                0x0800023a                VectorC4
                0x0800023a                Vector7C
                0x0800023a                VectorB0
                0x0800023a                Vector90
                0x0800023a                Vector114
                0x0800023a                Vector48
                0x0800023a                Vector70
                0x0800023a                VectorD4
                0x0800023a                Vector4C
                0x0800023a                Vector144
                0x0800023a                Vector80
                0x0800023a                Vector15C
                0x0800023a                Vector78
                0x0800023a                VectorA4
                0x0800023a                Vector88
                0x0800023a                Vector104
                0x0800023a                Vector10C
                0x0800023a                Vector14C
                0x0800023a                BusFault_Handler
                0x0800023a                Vector50
                0x0800023a                Vector154
                0x0800023a                Vector44
                0x0800023a                Vector28
                0x0800023a                VectorB8
                0x0800023a                VectorFC
                0x0800023a                Vector34
                0x0800023a                Vector128
                0x0800023a                Vector20
                0x0800023e                _unhandled_exception
 .text          0x08000240       0x2a ./build/obj/chcoreasm.o
                0x08000240                __port_switch
                0x08000250                __port_thread_start
                0x08000262                __port_switch_from_isr
                0x08000266                __port_exit_from_isr
 *(.text.*)
 *fill*         0x0800026a        0x6 
 .text._pal_lld_setgroupmode
                0x08000270       0x64 C:\Users\arthu\AppData\Local\Temp\ccnHivya.ltrans0.ltrans.o
 *fill*         0x080002d4        0xc 
 .text.__idle_thread
                0x080002e0        0x4 C:\Users\arthu\AppData\Local\Temp\ccnHivya.ltrans0.ltrans.o
 *fill*         0x080002e4        0xc 
 .text.chTMStartMeasurementX
                0x080002f0        0xc C:\Users\arthu\AppData\Local\Temp\ccnHivya.ltrans0.ltrans.o
 *fill*         0x080002fc        0x4 
 .text.chTMStopMeasurementX
                0x08000300       0x44 C:\Users\arthu\AppData\Local\Temp\ccnHivya.ltrans0.ltrans.o
 *fill*         0x08000344        0xc 
 .text.chCoreAllocFromTop
                0x08000350       0x3c C:\Users\arthu\AppData\Local\Temp\ccnHivya.ltrans0.ltrans.o
 *fill*         0x0800038c        0x4 
 .text.chCoreAllocAlignedI
                0x08000390       0x20 C:\Users\arthu\AppData\Local\Temp\ccnHivya.ltrans0.ltrans.o
 .text.__port_irq_epilogue
                0x080003b0       0x4c C:\Users\arthu\AppData\Local\Temp\ccnHivya.ltrans0.ltrans.o
 *fill*         0x080003fc        0x4 
 .text._pal_lld_enablepadevent.constprop.0
                0x08000400       0x50 C:\Users\arthu\AppData\Local\Temp\ccnHivya.ltrans0.ltrans.o
 .text.resumeTimer
                0x08000450      0x260 C:\Users\arthu\AppData\Local\Temp\ccnHivya.ltrans0.ltrans.o
 .text.chEvtBroadcastFlagsI.constprop.0
                0x080006b0       0x74 C:\Users\arthu\AppData\Local\Temp\ccnHivya.ltrans0.ltrans.o
 *fill*         0x08000724        0xc 
 .text.motorTimerCallback
                0x08000730       0x18 C:\Users\arthu\AppData\Local\Temp\ccnHivya.ltrans0.ltrans.o
 *fill*         0x08000748        0x8 
 .text.soakTimerCallback
                0x08000750       0x18 C:\Users\arthu\AppData\Local\Temp\ccnHivya.ltrans0.ltrans.o
 *fill*         0x08000768        0x8 
 .text.washTimerCallback
                0x08000770       0x18 C:\Users\arthu\AppData\Local\Temp\ccnHivya.ltrans0.ltrans.o
 *fill*         0x08000788        0x8 
 .text.rinseTimerCallback
                0x08000790       0x18 C:\Users\arthu\AppData\Local\Temp\ccnHivya.ltrans0.ltrans.o
 *fill*         0x080007a8        0x8 
 .text.centrifugeTimerCallback
                0x080007b0       0x18 C:\Users\arthu\AppData\Local\Temp\ccnHivya.ltrans0.ltrans.o
 *fill*         0x080007c8        0x8 
 .text.startButtonCallback
                0x080007d0       0x18 C:\Users\arthu\AppData\Local\Temp\ccnHivya.ltrans0.ltrans.o
 *fill*         0x080007e8        0x8 
 .text.highWatermarkButtonCallback
                0x080007f0       0x18 C:\Users\arthu\AppData\Local\Temp\ccnHivya.ltrans0.ltrans.o
 *fill*         0x08000808        0x8 
 .text.lowWatermarkButtonCallback
                0x08000810       0x18 C:\Users\arthu\AppData\Local\Temp\ccnHivya.ltrans0.ltrans.o
 *fill*         0x08000828        0x8 
 .text.openLidButtonCallback
                0x08000830       0x38 C:\Users\arthu\AppData\Local\Temp\ccnHivya.ltrans0.ltrans.o
 *fill*         0x08000868        0x8 
 .text.stateMachine
                0x08000870      0x148 C:\Users\arthu\AppData\Local\Temp\ccnHivya.ltrans0.ltrans.o
 *fill*         0x080009b8        0x8 
 .text.chThdCreateStatic.constprop.0.isra.0
                0x080009c0       0xe0 C:\Users\arthu\AppData\Local\Temp\ccnHivya.ltrans0.ltrans.o
 .text.__cpu_init
                0x08000aa0        0x4 C:\Users\arthu\AppData\Local\Temp\ccnHivya.ltrans0.ltrans.o
                0x08000aa0                __cpu_init
 *fill*         0x08000aa4        0xc 
 .text.__late_init
                0x08000ab0        0x4 C:\Users\arthu\AppData\Local\Temp\ccnHivya.ltrans0.ltrans.o
                0x08000ab0                __late_init
 *fill*         0x08000ab4        0xc 
 .text.__default_exit
                0x08000ac0        0x4 C:\Users\arthu\AppData\Local\Temp\ccnHivya.ltrans0.ltrans.o
                0x08000ac0                __default_exit
 *fill*         0x08000ac4        0xc 
 .text.__init_ram_areas
                0x08000ad0       0x54 C:\Users\arthu\AppData\Local\Temp\ccnHivya.ltrans0.ltrans.o
                0x08000ad0                __init_ram_areas
 *fill*         0x08000b24        0xc 
 .text.Vector58
                0x08000b30       0x6c C:\Users\arthu\AppData\Local\Temp\ccnHivya.ltrans0.ltrans.o
                0x08000b30                Vector58
 *fill*         0x08000b9c        0x4 
 .text.Vector5C
                0x08000ba0       0x70 C:\Users\arthu\AppData\Local\Temp\ccnHivya.ltrans0.ltrans.o
                0x08000ba0                Vector5C
 .text.Vector60
                0x08000c10       0x70 C:\Users\arthu\AppData\Local\Temp\ccnHivya.ltrans0.ltrans.o
                0x08000c10                Vector60
 .text.Vector64
                0x08000c80       0x70 C:\Users\arthu\AppData\Local\Temp\ccnHivya.ltrans0.ltrans.o
                0x08000c80                Vector64
 .text.Vector68
                0x08000cf0       0x70 C:\Users\arthu\AppData\Local\Temp\ccnHivya.ltrans0.ltrans.o
                0x08000cf0                Vector68
 .text.Vector9C
                0x08000d60      0x1d0 C:\Users\arthu\AppData\Local\Temp\ccnHivya.ltrans0.ltrans.o
                0x08000d60                Vector9C
 .text.VectorE0
                0x08000f30      0x244 C:\Users\arthu\AppData\Local\Temp\ccnHivya.ltrans0.ltrans.o
                0x08000f30                VectorE0
 *fill*         0x08001174        0xc 
 .text.SysTick_Handler
                0x08001180       0x8c C:\Users\arthu\AppData\Local\Temp\ccnHivya.ltrans0.ltrans.o
                0x08001180                SysTick_Handler
 *fill*         0x0800120c        0x4 
 .text.__early_init
                0x08001210       0x7c C:\Users\arthu\AppData\Local\Temp\ccnHivya.ltrans0.ltrans.o
                0x08001210                __early_init
 *fill*         0x0800128c        0x4 
 .text.__sch_reschedule_ahead
                0x08001290       0x40 C:\Users\arthu\AppData\Local\Temp\ccnHivya.ltrans0.ltrans.o
                0x08001290                chSchDoPreemption
 .text.eventHandle
                0x080012d0      0xa80 C:\Users\arthu\AppData\Local\Temp\ccnHivya.ltrans0.ltrans.o
 .text.chThdExit
                0x08001d50       0x88 C:\Users\arthu\AppData\Local\Temp\ccnHivya.ltrans0.ltrans.o
                0x08001d50                chThdExit
 *fill*         0x08001dd8        0x8 
 .text.SVC_Handler
                0x08001de0       0x14 C:\Users\arthu\AppData\Local\Temp\ccnHivya.ltrans0.ltrans.o
                0x08001de0                SVC_Handler
 *fill*         0x08001df4        0xc 
 .text.startup.main
                0x08001e00      0x454 C:\Users\arthu\AppData\Local\Temp\ccnHivya.ltrans0.ltrans.o
                0x08001e00                main
 .text.memset   0x08002254       0xa0 D:/Arm GNU Toolchain arm-none-eabi/13.3 rel1/bin/../lib/gcc/arm-none-eabi/13.3.1/thumb/v7-m/nofp\libg.a(libc_a-memset.o)
                0x08002254                memset
 *(.glue_7t)
 .glue_7t       0x080022f4        0x0 linker stubs
 *(.glue_7)
 .glue_7        0x080022f4        0x0 linker stubs
 *(.gcc*)
                0x080022f4                        __text_end__ = .

.vfp11_veneer   0x080022f4        0x0
 .vfp11_veneer  0x080022f4        0x0 linker stubs

.v4_bx          0x080022f4        0x0
 .v4_bx         0x080022f4        0x0 linker stubs

.iplt           0x080022f4        0x0
 .iplt          0x080022f4        0x0 ./build/obj/crt0_v7m.o

.rodata         0x080022f4       0xe8
                0x080022f4                        __rodata_base__ = .
 *(.rodata)
 *(.rodata.*)
 .rodata.chThdCreateStatic.constprop.0.isra.0.str1.4
                0x080022f4       0x13 C:\Users\arthu\AppData\Local\Temp\ccnHivya.ltrans0.ltrans.o
                                  0x7 (size before relaxing)
 .rodata.main.str1.4
                0x08002307        0x5 C:\Users\arthu\AppData\Local\Temp\ccnHivya.ltrans0.ltrans.o
 *fill*         0x08002307        0x1 
 .rodata.ch_debug
                0x08002308       0x2c C:\Users\arthu\AppData\Local\Temp\ccnHivya.ltrans0.ltrans.o
 .rodata.str1.4
                0x08002334        0x3 C:\Users\arthu\AppData\Local\Temp\ccnHivya.ltrans0.ltrans.o
 .rodata.ch_core0_cfg
                0x08002334       0x14 C:\Users\arthu\AppData\Local\Temp\ccnHivya.ltrans0.ltrans.o
 .rodata.cfgtab.0
                0x08002348       0x12 C:\Users\arthu\AppData\Local\Temp\ccnHivya.ltrans0.ltrans.o
 *fill*         0x0800235a        0x2 
 .rodata.ram_areas
                0x0800235c       0x80 C:\Users\arthu\AppData\Local\Temp\ccnHivya.ltrans0.ltrans.o
                0x080023dc                        . = ALIGN (0x4)
                0x080023dc                        __rodata_end__ = .

.rel.dyn        0x080023dc        0x0
 .rel.iplt      0x080023dc        0x0 ./build/obj/crt0_v7m.o

.ARM.extab
 *(.ARM.extab* .gnu.linkonce.armextab.*)

.ARM.exidx      0x080023dc        0x0
                0x080023dc                        __exidx_base__ = .
                0x080023dc                        __exidx_start = .
 *(.ARM.exidx* .gnu.linkonce.armexidx.*)
                0x080023dc                        __exidx_end__ = .
                0x080023dc                        __exidx_end = .

.eh_frame_hdr
 *(.eh_frame_hdr)

.eh_frame
 *(.eh_frame)

.data           0x20000800        0x0 load address 0x080023dc
                [!provide]                        PROVIDE (_textdata = LOADADDR (.data))
                [!provide]                        PROVIDE (_data = .)
                0x080023dc                        __textdata_base__ = LOADADDR (.data)
                0x20000800                        __data_base__ = .
 *(.data)
 *(.data.*)
 *(.ramtext)
                0x20000800                        . = ALIGN (0x4)
                [!provide]                        PROVIDE (_edata = .)
                0x20000800                        __data_end__ = .

.igot.plt       0x20000800        0x0 load address 0x080023dc
 .igot.plt      0x20000800        0x0 ./build/obj/crt0_v7m.o

.bss            0x20000800     0x15c0 load address 0x080023dc
                0x20000800                        __bss_base__ = .
 *(.bss)
 *(.bss.*)
 .bss.ch_c0_idle_thread_wa
                0x20000800      0x130 C:\Users\arthu\AppData\Local\Temp\ccnHivya.ltrans0.ltrans.o
 .bss.default_heap
                0x20000930       0x1c C:\Users\arthu\AppData\Local\Temp\ccnHivya.ltrans0.ltrans.o
 .bss.ch_factory
                0x2000094c       0x48 C:\Users\arthu\AppData\Local\Temp\ccnHivya.ltrans0.ltrans.o
 *fill*         0x20000994        0x4 
 .bss.wa_stateMachine
                0x20000998      0x8f0 C:\Users\arthu\AppData\Local\Temp\ccnHivya.ltrans0.ltrans.o
 .bss.wa_eventHandle
                0x20001288      0x8f0 C:\Users\arthu\AppData\Local\Temp\ccnHivya.ltrans0.ltrans.o
 .bss.previous_state
                0x20001b78        0x1 C:\Users\arthu\AppData\Local\Temp\ccnHivya.ltrans0.ltrans.o
 .bss.current_state
                0x20001b79        0x1 C:\Users\arthu\AppData\Local\Temp\ccnHivya.ltrans0.ltrans.o
 *fill*         0x20001b7a        0x2 
 .bss.vt_centrifuge
                0x20001b7c       0x18 C:\Users\arthu\AppData\Local\Temp\ccnHivya.ltrans0.ltrans.o
 .bss.remainingTime_centrifuge
                0x20001b94        0x4 C:\Users\arthu\AppData\Local\Temp\ccnHivya.ltrans0.ltrans.o
 .bss.vt_centrifuge_paused
                0x20001b98        0x1 C:\Users\arthu\AppData\Local\Temp\ccnHivya.ltrans0.ltrans.o
 *fill*         0x20001b99        0x3 
 .bss.vt_rinse  0x20001b9c       0x18 C:\Users\arthu\AppData\Local\Temp\ccnHivya.ltrans0.ltrans.o
 .bss.remainingTime_rinse
                0x20001bb4        0x4 C:\Users\arthu\AppData\Local\Temp\ccnHivya.ltrans0.ltrans.o
 .bss.vt_rinse_paused
                0x20001bb8        0x1 C:\Users\arthu\AppData\Local\Temp\ccnHivya.ltrans0.ltrans.o
 *fill*         0x20001bb9        0x3 
 .bss.vt_wash   0x20001bbc       0x18 C:\Users\arthu\AppData\Local\Temp\ccnHivya.ltrans0.ltrans.o
 .bss.remainingTime_wash
                0x20001bd4        0x4 C:\Users\arthu\AppData\Local\Temp\ccnHivya.ltrans0.ltrans.o
 .bss.vt_wash_paused
                0x20001bd8        0x1 C:\Users\arthu\AppData\Local\Temp\ccnHivya.ltrans0.ltrans.o
 *fill*         0x20001bd9        0x3 
 .bss.vt_soak   0x20001bdc       0x18 C:\Users\arthu\AppData\Local\Temp\ccnHivya.ltrans0.ltrans.o
 .bss.remainingTime_soak
                0x20001bf4        0x4 C:\Users\arthu\AppData\Local\Temp\ccnHivya.ltrans0.ltrans.o
 .bss.vt_soak_paused
                0x20001bf8        0x1 C:\Users\arthu\AppData\Local\Temp\ccnHivya.ltrans0.ltrans.o
 *fill*         0x20001bf9        0x3 
 .bss.vt_motor  0x20001bfc       0x18 C:\Users\arthu\AppData\Local\Temp\ccnHivya.ltrans0.ltrans.o
 .bss.remainingTime_motor
                0x20001c14        0x4 C:\Users\arthu\AppData\Local\Temp\ccnHivya.ltrans0.ltrans.o
 .bss.vt_motor_paused
                0x20001c18        0x1 C:\Users\arthu\AppData\Local\Temp\ccnHivya.ltrans0.ltrans.o
 .bss.is_lid_open
                0x20001c19        0x1 C:\Users\arthu\AppData\Local\Temp\ccnHivya.ltrans0.ltrans.o
 *fill*         0x20001c1a        0x2 
 .bss.evt_src   0x20001c1c        0x4 C:\Users\arthu\AppData\Local\Temp\ccnHivya.ltrans0.ltrans.o
 .bss.ch_memcore
                0x20001c20        0x8 C:\Users\arthu\AppData\Local\Temp\ccnHivya.ltrans0.ltrans.o
 .bss.ch_system
                0x20001c28        0xc C:\Users\arthu\AppData\Local\Temp\ccnHivya.ltrans0.ltrans.o
 *fill*         0x20001c34        0x4 
 .bss.ch0       0x20001c38       0x88 C:\Users\arthu\AppData\Local\Temp\ccnHivya.ltrans0.ltrans.o
 .bss._pal_events
                0x20001cc0      0x100 C:\Users\arthu\AppData\Local\Temp\ccnHivya.ltrans0.ltrans.o
 *(COMMON)
                0x20001dc0                        . = ALIGN (0x4)
                0x20001dc0                        __bss_end__ = .
                [!provide]                        PROVIDE (end = .)
                0x20000000                        __ram0_base__ = ORIGIN (ram0)
                0x00005000                        __ram0_size__ = LENGTH (ram0)
                0x20005000                        __ram0_end__ = (__ram0_base__ + __ram0_size__)
                0x00000000                        __ram1_base__ = ORIGIN (ram1)
                0x00000000                        __ram1_size__ = LENGTH (ram1)
                0x00000000                        __ram1_end__ = (__ram1_base__ + __ram1_size__)
                0x00000000                        __ram2_base__ = ORIGIN (ram2)
                0x00000000                        __ram2_size__ = LENGTH (ram2)
                0x00000000                        __ram2_end__ = (__ram2_base__ + __ram2_size__)
                0x00000000                        __ram3_base__ = ORIGIN (ram3)
                0x00000000                        __ram3_size__ = LENGTH (ram3)
                0x00000000                        __ram3_end__ = (__ram3_base__ + __ram3_size__)
                0x00000000                        __ram4_base__ = ORIGIN (ram4)
                0x00000000                        __ram4_size__ = LENGTH (ram4)
                0x00000000                        __ram4_end__ = (__ram4_base__ + __ram4_size__)
                0x00000000                        __ram5_base__ = ORIGIN (ram5)
                0x00000000                        __ram5_size__ = LENGTH (ram5)
                0x00000000                        __ram5_end__ = (__ram5_base__ + __ram5_size__)
                0x00000000                        __ram6_base__ = ORIGIN (ram6)
                0x00000000                        __ram6_size__ = LENGTH (ram6)
                0x00000000                        __ram6_end__ = (__ram6_base__ + __ram6_size__)
                0x00000000                        __ram7_base__ = ORIGIN (ram7)
                0x00000000                        __ram7_size__ = LENGTH (ram7)
                0x00000000                        __ram7_end__ = (__ram7_base__ + __ram7_size__)
                0x08000000                        __flash0_base__ = ORIGIN (flash0)
                0x00020000                        __flash0_size__ = LENGTH (flash0)
                0x08020000                        __flash0_end__ = (__flash0_base__ + __flash0_size__)
                0x00000000                        __flash1_base__ = ORIGIN (flash1)
                0x00000000                        __flash1_size__ = LENGTH (flash1)
                0x00000000                        __flash1_end__ = (__flash1_base__ + __flash1_size__)
                0x00000000                        __flash2_base__ = ORIGIN (flash2)
                0x00000000                        __flash2_size__ = LENGTH (flash2)
                0x00000000                        __flash2_end__ = (__flash2_base__ + __flash2_size__)
                0x00000000                        __flash3_base__ = ORIGIN (flash3)
                0x00000000                        __flash3_size__ = LENGTH (flash3)
                0x00000000                        __flash3_end__ = (__flash3_base__ + __flash3_size__)
                0x00000000                        __flash4_base__ = ORIGIN (flash4)
                0x00000000                        __flash4_size__ = LENGTH (flash4)
                0x00000000                        __flash4_end__ = (__flash4_base__ + __flash4_size__)
                0x00000000                        __flash5_base__ = ORIGIN (flash5)
                0x00000000                        __flash5_size__ = LENGTH (flash5)
                0x00000000                        __flash5_end__ = (__flash5_base__ + __flash5_size__)
                0x00000000                        __flash6_base__ = ORIGIN (flash6)
                0x00000000                        __flash6_size__ = LENGTH (flash6)
                0x00000000                        __flash6_end__ = (__flash6_base__ + __flash6_size__)
                0x00000000                        __flash7_base__ = ORIGIN (flash7)
                0x00000000                        __flash7_size__ = LENGTH (flash7)
                0x00000000                        __flash7_end__ = (__flash7_base__ + __flash7_size__)

.ram0_init      0x20001dc0        0x0 load address 0x080023dc
                0x080023dc                        __ram0_init_text__ = LOADADDR (.ram0_init)
                0x20001dc0                        __ram0_init__ = .
 *(.ram0_init)
 *(.ram0_init.*)
                0x20001dc0                        . = ALIGN (0x4)

.ram0           0x20001dc0        0x0 load address 0x080023dc
                0x20001dc0                        __ram0_clear__ = .
 *(.ram0_clear)
 *(.ram0_clear.*)
                0x20001dc0                        . = ALIGN (0x4)
                0x20001dc0                        __ram0_noinit__ = .
 *(.ram0)
 *(.ram0.*)
                0x20001dc0                        . = ALIGN (0x4)
                0x20001dc0                        __ram0_free__ = .

.ram1_init      0x00000000        0x0 load address 0x080023dc
                0x080023dc                        __ram1_init_text__ = LOADADDR (.ram1_init)
                0x00000000                        __ram1_init__ = .
 *(.ram1_init)
 *(.ram1_init.*)
                0x00000000                        . = ALIGN (0x4)

.ram1           0x00000000        0x0 load address 0x080023dc
                0x00000000                        __ram1_clear__ = .
 *(.ram1_clear)
 *(.ram1_clear.*)
                0x00000000                        . = ALIGN (0x4)
                0x00000000                        __ram1_noinit__ = .
 *(.ram1)
 *(.ram1.*)
                0x00000000                        . = ALIGN (0x4)
                0x00000000                        __ram1_free__ = .

.ram2_init      0x00000000        0x0 load address 0x080023dc
                0x080023dc                        __ram2_init_text__ = LOADADDR (.ram2_init)
                0x00000000                        __ram2_init__ = .
 *(.ram2_init)
 *(.ram2_init.*)
                0x00000000                        . = ALIGN (0x4)

.ram2           0x00000000        0x0 load address 0x080023dc
                0x00000000                        __ram2_clear__ = .
 *(.ram2_clear)
 *(.ram2_clear.*)
                0x00000000                        . = ALIGN (0x4)
                0x00000000                        __ram2_noinit__ = .
 *(.ram2)
 *(.ram2.*)
                0x00000000                        . = ALIGN (0x4)
                0x00000000                        __ram2_free__ = .

.ram3_init      0x00000000        0x0 load address 0x080023dc
                0x080023dc                        __ram3_init_text__ = LOADADDR (.ram3_init)
                0x00000000                        __ram3_init__ = .
 *(.ram3_init)
 *(.ram3_init.*)
                0x00000000                        . = ALIGN (0x4)

.ram3           0x00000000        0x0 load address 0x080023dc
                0x00000000                        __ram3_clear__ = .
 *(.ram3_clear)
 *(.ram3_clear.*)
                0x00000000                        . = ALIGN (0x4)
                0x00000000                        __ram3_noinit__ = .
 *(.ram3)
 *(.ram3.*)
                0x00000000                        . = ALIGN (0x4)
                0x00000000                        __ram3_free__ = .

.ram4_init      0x00000000        0x0 load address 0x080023dc
                0x080023dc                        __ram4_init_text__ = LOADADDR (.ram4_init)
                0x00000000                        __ram4_init__ = .
 *(.ram4_init)
 *(.ram4_init.*)
                0x00000000                        . = ALIGN (0x4)

.ram4           0x00000000        0x0 load address 0x080023dc
                0x00000000                        __ram4_clear__ = .
 *(.ram4_clear)
 *(.ram4_clear.*)
                0x00000000                        . = ALIGN (0x4)
                0x00000000                        __ram4_noinit__ = .
 *(.ram4)
 *(.ram4.*)
                0x00000000                        . = ALIGN (0x4)
                0x00000000                        __ram4_free__ = .

.ram5_init      0x00000000        0x0 load address 0x080023dc
                0x080023dc                        __ram5_init_text__ = LOADADDR (.ram5_init)
                0x00000000                        __ram5_init__ = .
 *(.ram5_init)
 *(.ram5_init.*)
                0x00000000                        . = ALIGN (0x4)

.ram5           0x00000000        0x0 load address 0x080023dc
                0x00000000                        __ram5_clear__ = .
 *(.ram5_clear)
 *(.ram5_clear.*)
                0x00000000                        . = ALIGN (0x4)
                0x00000000                        __ram5_noinit__ = .
 *(.ram5)
 *(.ram5.*)
                0x00000000                        . = ALIGN (0x4)
                0x00000000                        __ram5_free__ = .

.ram6_init      0x00000000        0x0 load address 0x080023dc
                0x080023dc                        __ram6_init_text__ = LOADADDR (.ram6_init)
                0x00000000                        __ram6_init__ = .
 *(.ram6_init)
 *(.ram6_init.*)
                0x00000000                        . = ALIGN (0x4)

.ram6           0x00000000        0x0 load address 0x080023dc
                0x00000000                        __ram6_clear__ = .
 *(.ram6_clear)
 *(.ram6_clear.*)
                0x00000000                        . = ALIGN (0x4)
                0x00000000                        __ram6_noinit__ = .
 *(.ram6)
 *(.ram6.*)
                0x00000000                        . = ALIGN (0x4)
                0x00000000                        __ram6_free__ = .

.ram7_init      0x00000000        0x0 load address 0x080023dc
                0x080023dc                        __ram7_init_text__ = LOADADDR (.ram7_init)
                0x00000000                        __ram7_init__ = .
 *(.ram7_init)
 *(.ram7_init.*)
                0x00000000                        . = ALIGN (0x4)

.ram7           0x00000000        0x0 load address 0x080023dc
                0x00000000                        __ram7_clear__ = .
 *(.ram7_clear)
 *(.ram7_clear.*)
                0x00000000                        . = ALIGN (0x4)
                0x00000000                        __ram7_noinit__ = .
 *(.ram7)
 *(.ram7.*)
                0x00000000                        . = ALIGN (0x4)
                0x00000000                        __ram7_free__ = .

.flash0         0x080023dc        0x0
                0x080023dc                        __flash0_init__ = .
 *(.flash0_init)
 *(.flash0_init.*)
                0x080023dc                        __flash0_free__ = .

.flash1         0x00000000        0x0
                0x00000000                        __flash1_init__ = .
 *(.flash1_init)
 *(.flash1_init.*)
                0x00000000                        __flash1_free__ = .

.flash2         0x00000000        0x0
                0x00000000                        __flash2_init__ = .
 *(.flash2_init)
 *(.flash2_init.*)
                0x00000000                        __flash2_free__ = .

.flash3         0x00000000        0x0
                0x00000000                        __flash3_init__ = .
 *(.flash3_init)
 *(.flash3_init.*)
                0x00000000                        __flash3_free__ = .

.flash4         0x00000000        0x0
                0x00000000                        __flash4_init__ = .
 *(.flash4_init)
 *(.flash4_init.*)
                0x00000000                        __flash4_free__ = .

.flash5         0x00000000        0x0
                0x00000000                        __flash5_init__ = .
 *(.flash5_init)
 *(.flash5_init.*)
                0x00000000                        __flash5_free__ = .

.flash6         0x00000000        0x0
                0x00000000                        __flash6_init__ = .
 *(.flash6_init)
 *(.flash6_init.*)
                0x00000000                        __flash6_free__ = .

.flash7         0x00000000        0x0
                0x00000000                        __flash7_init__ = .
 *(.flash7_init)
 *(.flash7_init.*)
                0x00000000                        __flash7_free__ = .

.heap           0x20001dc0     0x3240
                0x20001dc0                        . = ALIGN (0x8)
                0x20001dc0                        __heap_base__ = .
                0x20005000                        . = (ORIGIN (HEAP_RAM) + LENGTH (HEAP_RAM))
 *fill*         0x20001dc0     0x3240 
                0x20005000                        __heap_end__ = .
                0x00000400                        __process_stack_size__ = 0x400
                0x00000400                        __main_stack_size__ = 0x400
START GROUP
LOAD D:/Arm GNU Toolchain arm-none-eabi/13.3 rel1/bin/../lib/gcc/arm-none-eabi/13.3.1/thumb/v7-m/nofp\libgcc.a
LOAD D:/Arm GNU Toolchain arm-none-eabi/13.3 rel1/bin/../lib/gcc/arm-none-eabi/13.3.1/thumb/v7-m/nofp\libg.a
LOAD D:/Arm GNU Toolchain arm-none-eabi/13.3 rel1/bin/../lib/gcc/arm-none-eabi/13.3.1/thumb/v7-m/nofp\libc.a
END GROUP
OUTPUT(build/ch.elf elf32-littlearm)
LOAD linker stubs

.ARM.attributes
                0x00000000       0x2f
 .ARM.attributes
                0x00000000       0x21 ./build/obj/crt0_v7m.o
 .ARM.attributes
                0x00000021       0x21 ./build/obj/vectors.o
 .ARM.attributes
                0x00000042       0x21 ./build/obj/chcoreasm.o
 .ARM.attributes
                0x00000063       0x2b C:\Users\arthu\AppData\Local\Temp\ccnHivya.ltrans0.ltrans.o
 .ARM.attributes
                0x0000008e       0x2d D:/Arm GNU Toolchain arm-none-eabi/13.3 rel1/bin/../lib/gcc/arm-none-eabi/13.3.1/thumb/v7-m/nofp\libg.a(libc_a-memset.o)

.comment        0x00000000       0x45
 .comment       0x00000000       0x45 C:\Users\arthu\AppData\Local\Temp\ccnHivya.ltrans0.ltrans.o
                                 0x46 (size before relaxing)

.debug_line     0x00000000     0x7743
 .debug_line    0x00000000       0xa6 ./build/obj/crt0_v7m.o
 .debug_line    0x000000a6       0x4f ./build/obj/vectors.o
 .debug_line    0x000000f5       0x62 ./build/obj/chcoreasm.o
 .debug_line    0x00000157     0x677f C:\Users\arthu\AppData\Local\Temp\ccnHivya.ltrans0.ltrans.o
 .debug_line    0x000068d6       0x4c C:\Users\arthu\AppData\Local\Temp\cchJ098r.debug.temp.o
 .debug_line    0x00006922       0x79 C:\Users\arthu\AppData\Local\Temp\ccQDVczJ.debug.temp.o
 .debug_line    0x0000699b       0x43 C:\Users\arthu\AppData\Local\Temp\cc5vgxU0.debug.temp.o
 .debug_line    0x000069de       0xad C:\Users\arthu\AppData\Local\Temp\ccxXfFfE.debug.temp.o
 .debug_line    0x00006a8b       0x55 C:\Users\arthu\AppData\Local\Temp\ccMFhw1U.debug.temp.o
 .debug_line    0x00006ae0       0xa8 C:\Users\arthu\AppData\Local\Temp\cclKD6Yb.debug.temp.o
 .debug_line    0x00006b88       0x5f C:\Users\arthu\AppData\Local\Temp\ccI8KmTs.debug.temp.o
 .debug_line    0x00006be7       0x84 C:\Users\arthu\AppData\Local\Temp\ccfnU20s.debug.temp.o
 .debug_line    0x00006c6b       0x7e C:\Users\arthu\AppData\Local\Temp\ccMIV3RN.debug.temp.o
 .debug_line    0x00006ce9       0x5e C:\Users\arthu\AppData\Local\Temp\ccDkmcH8.debug.temp.o
 .debug_line    0x00006d47       0xd2 C:\Users\arthu\AppData\Local\Temp\ccT1T5HO.debug.temp.o
 .debug_line    0x00006e19       0x9d C:\Users\arthu\AppData\Local\Temp\ccpWP756.debug.temp.o
 .debug_line    0x00006eb6       0x9d C:\Users\arthu\AppData\Local\Temp\cccipMlr.debug.temp.o
 .debug_line    0x00006f53       0xa3 C:\Users\arthu\AppData\Local\Temp\ccD8vbKL.debug.temp.o
 .debug_line    0x00006ff6       0xc3 C:\Users\arthu\AppData\Local\Temp\cc4YCA85.debug.temp.o
 .debug_line    0x000070b9       0x9d C:\Users\arthu\AppData\Local\Temp\ccvPJZwq.debug.temp.o
 .debug_line    0x00007156       0xb9 C:\Users\arthu\AppData\Local\Temp\ccWFQoVK.debug.temp.o
 .debug_line    0x0000720f       0xa2 C:\Users\arthu\AppData\Local\Temp\ccOm4cIp.debug.temp.o
 .debug_line    0x000072b1       0xa7 C:\Users\arthu\AppData\Local\Temp\ccG3h1u4.debug.temp.o
 .debug_line    0x00007358       0x79 C:\Users\arthu\AppData\Local\Temp\ccKNhkNj.debug.temp.o
 .debug_line    0x000073d1       0xa1 C:\Users\arthu\AppData\Local\Temp\ccLe2o7C.debug.temp.o
 .debug_line    0x00007472       0x97 C:\Users\arthu\AppData\Local\Temp\ccMFMtrW.debug.temp.o
 .debug_line    0x00007509       0xc3 C:\Users\arthu\AppData\Local\Temp\ccUfENSj.debug.temp.o
 .debug_line    0x000075cc       0xa2 C:\Users\arthu\AppData\Local\Temp\ccTdywPF.debug.temp.o
 .debug_line    0x0000766e       0xd5 C:\Users\arthu\AppData\Local\Temp\ccy9RwH1.debug.temp.o

.debug_line_str
                0x00000000      0x925
 .debug_line_str
                0x00000000      0x925 ./build/obj/crt0_v7m.o
                                 0x72 (size before relaxing)
 .debug_line_str
                0x00000925       0x71 ./build/obj/vectors.o
 .debug_line_str
                0x00000925       0x72 ./build/obj/chcoreasm.o
 .debug_line_str
                0x00000925      0x152 C:\Users\arthu\AppData\Local\Temp\cchJ098r.debug.temp.o
 .debug_line_str
                0x00000925      0x1f4 C:\Users\arthu\AppData\Local\Temp\ccQDVczJ.debug.temp.o
 .debug_line_str
                0x00000925       0xa8 C:\Users\arthu\AppData\Local\Temp\cc5vgxU0.debug.temp.o
 .debug_line_str
                0x00000925      0x2d0 C:\Users\arthu\AppData\Local\Temp\ccxXfFfE.debug.temp.o
 .debug_line_str
                0x00000925      0x173 C:\Users\arthu\AppData\Local\Temp\ccMFhw1U.debug.temp.o
 .debug_line_str
                0x00000925      0x2ce C:\Users\arthu\AppData\Local\Temp\cclKD6Yb.debug.temp.o
 .debug_line_str
                0x00000925      0x195 C:\Users\arthu\AppData\Local\Temp\ccI8KmTs.debug.temp.o
 .debug_line_str
                0x00000925      0x216 C:\Users\arthu\AppData\Local\Temp\ccfnU20s.debug.temp.o
 .debug_line_str
                0x00000925      0x22e C:\Users\arthu\AppData\Local\Temp\ccMIV3RN.debug.temp.o
 .debug_line_str
                0x00000925      0x1af C:\Users\arthu\AppData\Local\Temp\ccDkmcH8.debug.temp.o
 .debug_line_str
                0x00000925      0x2e9 C:\Users\arthu\AppData\Local\Temp\ccT1T5HO.debug.temp.o
 .debug_line_str
                0x00000925      0x21c C:\Users\arthu\AppData\Local\Temp\ccpWP756.debug.temp.o
 .debug_line_str
                0x00000925      0x220 C:\Users\arthu\AppData\Local\Temp\cccipMlr.debug.temp.o
 .debug_line_str
                0x00000925      0x210 C:\Users\arthu\AppData\Local\Temp\ccD8vbKL.debug.temp.o
 .debug_line_str
                0x00000925      0x2d6 C:\Users\arthu\AppData\Local\Temp\cc4YCA85.debug.temp.o
 .debug_line_str
                0x00000925      0x21b C:\Users\arthu\AppData\Local\Temp\ccvPJZwq.debug.temp.o
 .debug_line_str
                0x00000925      0x2e8 C:\Users\arthu\AppData\Local\Temp\ccWFQoVK.debug.temp.o
 .debug_line_str
                0x00000925      0x22c C:\Users\arthu\AppData\Local\Temp\ccOm4cIp.debug.temp.o
 .debug_line_str
                0x00000925      0x23d C:\Users\arthu\AppData\Local\Temp\ccG3h1u4.debug.temp.o
 .debug_line_str
                0x00000925      0x22c C:\Users\arthu\AppData\Local\Temp\ccKNhkNj.debug.temp.o
 .debug_line_str
                0x00000925      0x273 C:\Users\arthu\AppData\Local\Temp\ccLe2o7C.debug.temp.o
 .debug_line_str
                0x00000925      0x269 C:\Users\arthu\AppData\Local\Temp\ccMFMtrW.debug.temp.o
 .debug_line_str
                0x00000925      0x2f8 C:\Users\arthu\AppData\Local\Temp\ccUfENSj.debug.temp.o
 .debug_line_str
                0x00000925      0x252 C:\Users\arthu\AppData\Local\Temp\ccTdywPF.debug.temp.o
 .debug_line_str
                0x00000925      0x313 C:\Users\arthu\AppData\Local\Temp\ccy9RwH1.debug.temp.o

.debug_info     0x00000000    0x176d7
 .debug_info    0x00000000       0x25 ./build/obj/crt0_v7m.o
 .debug_info    0x00000025       0x24 ./build/obj/vectors.o
 .debug_info    0x00000049       0x24 ./build/obj/chcoreasm.o
 .debug_info    0x0000006d     0xa043 C:\Users\arthu\AppData\Local\Temp\ccnHivya.ltrans0.ltrans.o
 .debug_info    0x0000a0b0      0x296 C:\Users\arthu\AppData\Local\Temp\cchJ098r.debug.temp.o
                0x0000a0b0                crt1.c.385a8742
 .debug_info    0x0000a346      0x163 C:\Users\arthu\AppData\Local\Temp\ccQDVczJ.debug.temp.o
                0x0000a346                hal.c.e8f87415
 .debug_info    0x0000a4a9       0x8b C:\Users\arthu\AppData\Local\Temp\cc5vgxU0.debug.temp.o
                0x0000a4a9                hal_st.c.b165159a
 .debug_info    0x0000a534      0x578 C:\Users\arthu\AppData\Local\Temp\ccxXfFfE.debug.temp.o
                0x0000a534                hal_pal.c.7f3ac11f
 .debug_info    0x0000aaac      0x45b C:\Users\arthu\AppData\Local\Temp\ccMFhw1U.debug.temp.o
                0x0000aaac                nvic.c.ed00ccd1
 .debug_info    0x0000af07      0x498 C:\Users\arthu\AppData\Local\Temp\cclKD6Yb.debug.temp.o
                0x0000af07                stm32_isr.c.89b28a8f
 .debug_info    0x0000b39f      0x1fb C:\Users\arthu\AppData\Local\Temp\ccI8KmTs.debug.temp.o
                0x0000b39f                hal_lld.c.85bdb19c
 .debug_info    0x0000b59a      0x6ad C:\Users\arthu\AppData\Local\Temp\ccfnU20s.debug.temp.o
                0x0000b59a                hal_pal_lld.c.2cbfb2ed
 .debug_info    0x0000bc47      0x18d C:\Users\arthu\AppData\Local\Temp\ccMIV3RN.debug.temp.o
                0x0000bc47                hal_st_lld.c.579c5e0a
 .debug_info    0x0000bdd4      0x140 C:\Users\arthu\AppData\Local\Temp\ccDkmcH8.debug.temp.o
                0x0000bdd4                board.c.c0a512c2
 .debug_info    0x0000bf14      0xdd2 C:\Users\arthu\AppData\Local\Temp\ccT1T5HO.debug.temp.o
                0x0000bf14                chsys.c.e7711e19
 .debug_info    0x0000cce6      0xb4b C:\Users\arthu\AppData\Local\Temp\ccpWP756.debug.temp.o
                0x0000cce6                chvt.c.8f71a217
 .debug_info    0x0000d831      0xc86 C:\Users\arthu\AppData\Local\Temp\cccipMlr.debug.temp.o
                0x0000d831                chschd.c.bd93006f
 .debug_info    0x0000e4b7      0xc19 C:\Users\arthu\AppData\Local\Temp\ccD8vbKL.debug.temp.o
                0x0000e4b7                chinstances.c.197d72b8
 .debug_info    0x0000f0d0     0x10f5 C:\Users\arthu\AppData\Local\Temp\cc4YCA85.debug.temp.o
                0x0000f0d0                chthreads.c.3e94602a
 .debug_info    0x000101c5      0xa92 C:\Users\arthu\AppData\Local\Temp\ccvPJZwq.debug.temp.o
                0x000101c5                chtm.c.33b82ead
 .debug_info    0x00010c57      0xbac C:\Users\arthu\AppData\Local\Temp\ccWFQoVK.debug.temp.o
                0x00010c57                chregistry.c.db0704f8
 .debug_info    0x00011803      0xa8d C:\Users\arthu\AppData\Local\Temp\ccOm4cIp.debug.temp.o
                0x00011803                chmtx.c.39da305b
 .debug_info    0x00012290      0xd2a C:\Users\arthu\AppData\Local\Temp\ccG3h1u4.debug.temp.o
                0x00012290                chevents.c.9c6b49f9
 .debug_info    0x00012fba      0x2ce C:\Users\arthu\AppData\Local\Temp\ccKNhkNj.debug.temp.o
                0x00012fba                chmemcore.c.2c0837ab
 .debug_info    0x00013288      0xa44 C:\Users\arthu\AppData\Local\Temp\ccLe2o7C.debug.temp.o
                0x00013288                chmemheaps.c.1498b549
 .debug_info    0x00013ccc      0x5ac C:\Users\arthu\AppData\Local\Temp\ccMFMtrW.debug.temp.o
                0x00013ccc                chmempools.c.0e349e7e
 .debug_info    0x00014278     0x14e9 C:\Users\arthu\AppData\Local\Temp\ccUfENSj.debug.temp.o
                0x00014278                chfactory.c.65abe293
 .debug_info    0x00015761      0xeec C:\Users\arthu\AppData\Local\Temp\ccTdywPF.debug.temp.o
                0x00015761                chcore.c.14e5593a
 .debug_info    0x0001664d     0x108a C:\Users\arthu\AppData\Local\Temp\ccy9RwH1.debug.temp.o
                0x0001664d                main.c.101ce76c

.debug_abbrev   0x00000000     0x33ad
 .debug_abbrev  0x00000000       0x14 ./build/obj/crt0_v7m.o
 .debug_abbrev  0x00000014       0x14 ./build/obj/vectors.o
 .debug_abbrev  0x00000028       0x14 ./build/obj/chcoreasm.o
 .debug_abbrev  0x0000003c      0x31b C:\Users\arthu\AppData\Local\Temp\ccnHivya.ltrans0.ltrans.o
 .debug_abbrev  0x00000357       0xec C:\Users\arthu\AppData\Local\Temp\cchJ098r.debug.temp.o
 .debug_abbrev  0x00000443       0xdf C:\Users\arthu\AppData\Local\Temp\ccQDVczJ.debug.temp.o
 .debug_abbrev  0x00000522       0x4a C:\Users\arthu\AppData\Local\Temp\cc5vgxU0.debug.temp.o
 .debug_abbrev  0x0000056c      0x20a C:\Users\arthu\AppData\Local\Temp\ccxXfFfE.debug.temp.o
 .debug_abbrev  0x00000776      0x13e C:\Users\arthu\AppData\Local\Temp\ccMFhw1U.debug.temp.o
 .debug_abbrev  0x000008b4      0x1f7 C:\Users\arthu\AppData\Local\Temp\cclKD6Yb.debug.temp.o
 .debug_abbrev  0x00000aab       0xd9 C:\Users\arthu\AppData\Local\Temp\ccI8KmTs.debug.temp.o
 .debug_abbrev  0x00000b84      0x1fc C:\Users\arthu\AppData\Local\Temp\ccfnU20s.debug.temp.o
 .debug_abbrev  0x00000d80       0xf4 C:\Users\arthu\AppData\Local\Temp\ccMIV3RN.debug.temp.o
 .debug_abbrev  0x00000e74       0xb9 C:\Users\arthu\AppData\Local\Temp\ccDkmcH8.debug.temp.o
 .debug_abbrev  0x00000f2d      0x330 C:\Users\arthu\AppData\Local\Temp\ccT1T5HO.debug.temp.o
 .debug_abbrev  0x0000125d      0x251 C:\Users\arthu\AppData\Local\Temp\ccpWP756.debug.temp.o
 .debug_abbrev  0x000014ae      0x250 C:\Users\arthu\AppData\Local\Temp\cccipMlr.debug.temp.o
 .debug_abbrev  0x000016fe      0x264 C:\Users\arthu\AppData\Local\Temp\ccD8vbKL.debug.temp.o
 .debug_abbrev  0x00001962      0x2ff C:\Users\arthu\AppData\Local\Temp\cc4YCA85.debug.temp.o
 .debug_abbrev  0x00001c61      0x1b4 C:\Users\arthu\AppData\Local\Temp\ccvPJZwq.debug.temp.o
 .debug_abbrev  0x00001e15      0x292 C:\Users\arthu\AppData\Local\Temp\ccWFQoVK.debug.temp.o
 .debug_abbrev  0x000020a7      0x2af C:\Users\arthu\AppData\Local\Temp\ccOm4cIp.debug.temp.o
 .debug_abbrev  0x00002356      0x2a6 C:\Users\arthu\AppData\Local\Temp\ccG3h1u4.debug.temp.o
 .debug_abbrev  0x000025fc      0x15d C:\Users\arthu\AppData\Local\Temp\ccKNhkNj.debug.temp.o
 .debug_abbrev  0x00002759      0x269 C:\Users\arthu\AppData\Local\Temp\ccLe2o7C.debug.temp.o
 .debug_abbrev  0x000029c2      0x206 C:\Users\arthu\AppData\Local\Temp\ccMFMtrW.debug.temp.o
 .debug_abbrev  0x00002bc8      0x28b C:\Users\arthu\AppData\Local\Temp\ccUfENSj.debug.temp.o
 .debug_abbrev  0x00002e53      0x265 C:\Users\arthu\AppData\Local\Temp\ccTdywPF.debug.temp.o
 .debug_abbrev  0x000030b8      0x2f5 C:\Users\arthu\AppData\Local\Temp\ccy9RwH1.debug.temp.o

.debug_aranges  0x00000000      0x1b0
 .debug_aranges
                0x00000000       0x20 ./build/obj/crt0_v7m.o
 .debug_aranges
                0x00000020       0x20 ./build/obj/vectors.o
 .debug_aranges
                0x00000040       0x20 ./build/obj/chcoreasm.o
 .debug_aranges
                0x00000060      0x150 C:\Users\arthu\AppData\Local\Temp\ccnHivya.ltrans0.ltrans.o

.debug_str      0x00000000     0x31c3
 .debug_str     0x00000000     0x31c3 ./build/obj/crt0_v7m.o
                                 0x80 (size before relaxing)
 .debug_str     0x000031c3       0x7f ./build/obj/vectors.o
 .debug_str     0x000031c3       0x80 ./build/obj/chcoreasm.o
 .debug_str     0x000031c3      0x19d C:\Users\arthu\AppData\Local\Temp\ccnHivya.ltrans0.ltrans.o
 .debug_str     0x000031c3      0x44f C:\Users\arthu\AppData\Local\Temp\cchJ098r.debug.temp.o
 .debug_str     0x000031c3      0x24a C:\Users\arthu\AppData\Local\Temp\ccQDVczJ.debug.temp.o
 .debug_str     0x000031c3      0x1bc C:\Users\arthu\AppData\Local\Temp\cc5vgxU0.debug.temp.o
 .debug_str     0x000031c3      0x425 C:\Users\arthu\AppData\Local\Temp\ccxXfFfE.debug.temp.o
 .debug_str     0x000031c3      0x32a C:\Users\arthu\AppData\Local\Temp\ccMFhw1U.debug.temp.o
 .debug_str     0x000031c3      0x69d C:\Users\arthu\AppData\Local\Temp\cclKD6Yb.debug.temp.o
 .debug_str     0x000031c3      0x295 C:\Users\arthu\AppData\Local\Temp\ccI8KmTs.debug.temp.o
 .debug_str     0x000031c3      0x4a0 C:\Users\arthu\AppData\Local\Temp\ccfnU20s.debug.temp.o
 .debug_str     0x000031c3      0x31f C:\Users\arthu\AppData\Local\Temp\ccMIV3RN.debug.temp.o
 .debug_str     0x000031c3      0x24e C:\Users\arthu\AppData\Local\Temp\ccDkmcH8.debug.temp.o
 .debug_str     0x000031c3      0xa16 C:\Users\arthu\AppData\Local\Temp\ccT1T5HO.debug.temp.o
 .debug_str     0x000031c3      0x761 C:\Users\arthu\AppData\Local\Temp\ccpWP756.debug.temp.o
 .debug_str     0x000031c3      0x7fd C:\Users\arthu\AppData\Local\Temp\cccipMlr.debug.temp.o
 .debug_str     0x000031c3      0x916 C:\Users\arthu\AppData\Local\Temp\ccD8vbKL.debug.temp.o
 .debug_str     0x000031c3      0x9b8 C:\Users\arthu\AppData\Local\Temp\cc4YCA85.debug.temp.o
 .debug_str     0x000031c3      0x79c C:\Users\arthu\AppData\Local\Temp\ccvPJZwq.debug.temp.o
 .debug_str     0x000031c3      0x8bd C:\Users\arthu\AppData\Local\Temp\ccWFQoVK.debug.temp.o
 .debug_str     0x000031c3      0x6fa C:\Users\arthu\AppData\Local\Temp\ccOm4cIp.debug.temp.o
 .debug_str     0x000031c3      0x828 C:\Users\arthu\AppData\Local\Temp\ccG3h1u4.debug.temp.o
 .debug_str     0x000031c3      0x2ee C:\Users\arthu\AppData\Local\Temp\ccKNhkNj.debug.temp.o
 .debug_str     0x000031c3      0x6c5 C:\Users\arthu\AppData\Local\Temp\ccLe2o7C.debug.temp.o
 .debug_str     0x000031c3      0x442 C:\Users\arthu\AppData\Local\Temp\ccMFMtrW.debug.temp.o
 .debug_str     0x000031c3      0xc4c C:\Users\arthu\AppData\Local\Temp\ccUfENSj.debug.temp.o
 .debug_str     0x000031c3      0xb81 C:\Users\arthu\AppData\Local\Temp\ccTdywPF.debug.temp.o
 .debug_str     0x000031c3      0xcee C:\Users\arthu\AppData\Local\Temp\ccy9RwH1.debug.temp.o

.debug_loclists
                0x00000000     0x49c9
 .debug_loclists
                0x00000000     0x49c9 C:\Users\arthu\AppData\Local\Temp\ccnHivya.ltrans0.ltrans.o

.debug_rnglists
                0x00000000      0xfc8
 .debug_rnglists
                0x00000000      0xfc8 C:\Users\arthu\AppData\Local\Temp\ccnHivya.ltrans0.ltrans.o

.debug_frame    0x00000000      0x488
 .debug_frame   0x00000000      0x45c C:\Users\arthu\AppData\Local\Temp\ccnHivya.ltrans0.ltrans.o
 .debug_frame   0x0000045c       0x2c D:/Arm GNU Toolchain arm-none-eabi/13.3 rel1/bin/../lib/gcc/arm-none-eabi/13.3.1/thumb/v7-m/nofp\libg.a(libc_a-memset.o)

Cross Reference Table

Symbol                                            File
BusFault_Handler                                  ./build/obj/vectors.o
DebugMon_Handler                                  ./build/obj/vectors.o
HardFault_Handler                                 ./build/obj/vectors.o
MemManage_Handler                                 ./build/obj/vectors.o
NMI_Handler                                       ./build/obj/vectors.o
PendSV_Handler                                    ./build/obj/vectors.o
Reset_Handler                                     ./build/obj/vectors.o
SVC_Handler                                       C:\Users\arthu\AppData\Local\Temp\ccnHivya.ltrans0.ltrans.o
                                                  ./build/obj/chcore.o (symbol from plugin)
                                                  ./build/obj/vectors.o
SecureFault_Handler                               ./build/obj/vectors.o
SysTick_Handler                                   C:\Users\arthu\AppData\Local\Temp\ccnHivya.ltrans0.ltrans.o
                                                  ./build/obj/hal_st_lld.o (symbol from plugin)
                                                  ./build/obj/vectors.o
SystemCoreClock                                   ./build/obj/hal_lld.o (symbol from plugin)
UsageFault_Handler                                ./build/obj/vectors.o
Vector100                                         ./build/obj/vectors.o
Vector104                                         ./build/obj/vectors.o
Vector108                                         ./build/obj/vectors.o
Vector10C                                         ./build/obj/vectors.o
Vector110                                         ./build/obj/vectors.o
Vector114                                         ./build/obj/vectors.o
Vector118                                         ./build/obj/vectors.o
Vector11C                                         ./build/obj/vectors.o
Vector120                                         ./build/obj/vectors.o
Vector124                                         ./build/obj/vectors.o
Vector128                                         ./build/obj/vectors.o
Vector12C                                         ./build/obj/vectors.o
Vector130                                         ./build/obj/vectors.o
Vector134                                         ./build/obj/vectors.o
Vector138                                         ./build/obj/vectors.o
Vector13C                                         ./build/obj/vectors.o
Vector140                                         ./build/obj/vectors.o
Vector144                                         ./build/obj/vectors.o
Vector148                                         ./build/obj/vectors.o
Vector14C                                         ./build/obj/vectors.o
Vector150                                         ./build/obj/vectors.o
Vector154                                         ./build/obj/vectors.o
Vector158                                         ./build/obj/vectors.o
Vector15C                                         ./build/obj/vectors.o
Vector20                                          ./build/obj/vectors.o
Vector24                                          ./build/obj/vectors.o
Vector28                                          ./build/obj/vectors.o
Vector34                                          ./build/obj/vectors.o
Vector40                                          ./build/obj/vectors.o
Vector44                                          ./build/obj/vectors.o
Vector48                                          ./build/obj/vectors.o
Vector4C                                          ./build/obj/vectors.o
Vector50                                          ./build/obj/vectors.o
Vector54                                          ./build/obj/vectors.o
Vector58                                          C:\Users\arthu\AppData\Local\Temp\ccnHivya.ltrans0.ltrans.o
                                                  ./build/obj/stm32_isr.o (symbol from plugin)
                                                  ./build/obj/vectors.o
Vector5C                                          C:\Users\arthu\AppData\Local\Temp\ccnHivya.ltrans0.ltrans.o
                                                  ./build/obj/stm32_isr.o (symbol from plugin)
                                                  ./build/obj/vectors.o
Vector60                                          C:\Users\arthu\AppData\Local\Temp\ccnHivya.ltrans0.ltrans.o
                                                  ./build/obj/stm32_isr.o (symbol from plugin)
                                                  ./build/obj/vectors.o
Vector64                                          C:\Users\arthu\AppData\Local\Temp\ccnHivya.ltrans0.ltrans.o
                                                  ./build/obj/stm32_isr.o (symbol from plugin)
                                                  ./build/obj/vectors.o
Vector68                                          C:\Users\arthu\AppData\Local\Temp\ccnHivya.ltrans0.ltrans.o
                                                  ./build/obj/stm32_isr.o (symbol from plugin)
                                                  ./build/obj/vectors.o
Vector6C                                          ./build/obj/vectors.o
Vector70                                          ./build/obj/vectors.o
Vector74                                          ./build/obj/vectors.o
Vector78                                          ./build/obj/vectors.o
Vector7C                                          ./build/obj/vectors.o
Vector80                                          ./build/obj/vectors.o
Vector84                                          ./build/obj/vectors.o
Vector88                                          ./build/obj/vectors.o
Vector8C                                          ./build/obj/vectors.o
Vector90                                          ./build/obj/vectors.o
Vector94                                          ./build/obj/vectors.o
Vector98                                          ./build/obj/vectors.o
Vector9C                                          C:\Users\arthu\AppData\Local\Temp\ccnHivya.ltrans0.ltrans.o
                                                  ./build/obj/stm32_isr.o (symbol from plugin)
                                                  ./build/obj/vectors.o
VectorA0                                          ./build/obj/vectors.o
VectorA4                                          ./build/obj/vectors.o
VectorA8                                          ./build/obj/vectors.o
VectorAC                                          ./build/obj/vectors.o
VectorB0                                          ./build/obj/vectors.o
VectorB4                                          ./build/obj/vectors.o
VectorB8                                          ./build/obj/vectors.o
VectorBC                                          ./build/obj/vectors.o
VectorC0                                          ./build/obj/vectors.o
VectorC4                                          ./build/obj/vectors.o
VectorC8                                          ./build/obj/vectors.o
VectorCC                                          ./build/obj/vectors.o
VectorD0                                          ./build/obj/vectors.o
VectorD4                                          ./build/obj/vectors.o
VectorD8                                          ./build/obj/vectors.o
VectorDC                                          ./build/obj/vectors.o
VectorE0                                          C:\Users\arthu\AppData\Local\Temp\ccnHivya.ltrans0.ltrans.o
                                                  ./build/obj/stm32_isr.o (symbol from plugin)
                                                  ./build/obj/vectors.o
VectorE4                                          ./build/obj/vectors.o
VectorE8                                          ./build/obj/vectors.o
VectorEC                                          ./build/obj/vectors.o
VectorF0                                          ./build/obj/vectors.o
VectorF4                                          ./build/obj/vectors.o
VectorF8                                          ./build/obj/vectors.o
VectorFC                                          ./build/obj/vectors.o
__bss_base__                                      ./build/obj/crt0_v7m.o
__bss_end__                                       ./build/obj/crt0_v7m.o
__ch_delegate_fn0                                 ./build/obj/chdelegates.o (symbol from plugin)
__ch_delegate_fn1                                 ./build/obj/chdelegates.o (symbol from plugin)
__ch_delegate_fn2                                 ./build/obj/chdelegates.o (symbol from plugin)
__ch_delegate_fn3                                 ./build/obj/chdelegates.o (symbol from plugin)
__ch_delegate_fn4                                 ./build/obj/chdelegates.o (symbol from plugin)
__core_init                                       ./build/obj/chmemcore.o (symbol from plugin)
                                                  ./build/obj/chsys.o (symbol from plugin)
__cpu_init                                        C:\Users\arthu\AppData\Local\Temp\ccnHivya.ltrans0.ltrans.o
                                                  ./build/obj/crt1.o (symbol from plugin)
                                                  ./build/obj/crt0_v7m.o
__data_base__                                     ./build/obj/crt0_v7m.o
__data_end__                                      ./build/obj/crt0_v7m.o
__default_exit                                    C:\Users\arthu\AppData\Local\Temp\ccnHivya.ltrans0.ltrans.o
                                                  ./build/obj/crt1.o (symbol from plugin)
                                                  ./build/obj/crt0_v7m.o
__early_init                                      C:\Users\arthu\AppData\Local\Temp\ccnHivya.ltrans0.ltrans.o
                                                  ./build/obj/board.o (symbol from plugin)
                                                  ./build/obj/crt1.o (symbol from plugin)
                                                  ./build/obj/crt0_v7m.o
__factory_init                                    ./build/obj/chfactory.o (symbol from plugin)
                                                  ./build/obj/chsys.o (symbol from plugin)
__fini_array_base__                               ./build/obj/crt0_v7m.o
__fini_array_end__                                ./build/obj/crt0_v7m.o
__heap_base__                                     C:\Users\arthu\AppData\Local\Temp\ccnHivya.ltrans0.ltrans.o
                                                  ./build/obj/chmemcore.o (symbol from plugin)
__heap_end__                                      C:\Users\arthu\AppData\Local\Temp\ccnHivya.ltrans0.ltrans.o
                                                  ./build/obj/chmemcore.o (symbol from plugin)
__heap_init                                       ./build/obj/chmemheaps.o (symbol from plugin)
                                                  ./build/obj/chsys.o (symbol from plugin)
__init_array_base__                               ./build/obj/crt0_v7m.o
__init_array_end__                                ./build/obj/crt0_v7m.o
__init_ram_areas                                  C:\Users\arthu\AppData\Local\Temp\ccnHivya.ltrans0.ltrans.o
                                                  ./build/obj/crt1.o (symbol from plugin)
                                                  ./build/obj/crt0_v7m.o
__late_init                                       C:\Users\arthu\AppData\Local\Temp\ccnHivya.ltrans0.ltrans.o
                                                  ./build/obj/crt1.o (symbol from plugin)
                                                  ./build/obj/crt0_v7m.o
__main_stack_base__                               ./build/obj/crt0_v7m.o
__main_stack_end__                                ./build/obj/vectors.o
                                                  ./build/obj/crt0_v7m.o
__port_exit_from_isr                              ./build/obj/chcoreasm.o
                                                  C:\Users\arthu\AppData\Local\Temp\ccnHivya.ltrans0.ltrans.o
                                                  ./build/obj/chcore.o (symbol from plugin)
__port_irq_epilogue                               ./build/obj/chcore.o (symbol from plugin)
                                                  ./build/obj/hal_st_lld.o (symbol from plugin)
                                                  ./build/obj/stm32_isr.o (symbol from plugin)
__port_switch                                     ./build/obj/chcoreasm.o
                                                  C:\Users\arthu\AppData\Local\Temp\ccnHivya.ltrans0.ltrans.o
                                                  ./build/obj/chschd.o (symbol from plugin)
__port_switch_from_isr                            ./build/obj/chcoreasm.o
                                                  C:\Users\arthu\AppData\Local\Temp\ccnHivya.ltrans0.ltrans.o
                                                  ./build/obj/chcore.o (symbol from plugin)
__port_thread_start                               ./build/obj/chcoreasm.o
                                                  C:\Users\arthu\AppData\Local\Temp\ccnHivya.ltrans0.ltrans.o
                                                  ./build/obj/chthreads.o (symbol from plugin)
__process_stack_base__                            ./build/obj/crt0_v7m.o
__process_stack_end__                             ./build/obj/crt0_v7m.o
__ram0_clear__                                    C:\Users\arthu\AppData\Local\Temp\ccnHivya.ltrans0.ltrans.o
                                                  ./build/obj/crt1.o (symbol from plugin)
__ram0_init__                                     C:\Users\arthu\AppData\Local\Temp\ccnHivya.ltrans0.ltrans.o
                                                  ./build/obj/crt1.o (symbol from plugin)
__ram0_init_text__                                C:\Users\arthu\AppData\Local\Temp\ccnHivya.ltrans0.ltrans.o
                                                  ./build/obj/crt1.o (symbol from plugin)
__ram0_noinit__                                   C:\Users\arthu\AppData\Local\Temp\ccnHivya.ltrans0.ltrans.o
                                                  ./build/obj/crt1.o (symbol from plugin)
__ram1_clear__                                    C:\Users\arthu\AppData\Local\Temp\ccnHivya.ltrans0.ltrans.o
                                                  ./build/obj/crt1.o (symbol from plugin)
__ram1_init__                                     C:\Users\arthu\AppData\Local\Temp\ccnHivya.ltrans0.ltrans.o
                                                  ./build/obj/crt1.o (symbol from plugin)
__ram1_init_text__                                C:\Users\arthu\AppData\Local\Temp\ccnHivya.ltrans0.ltrans.o
                                                  ./build/obj/crt1.o (symbol from plugin)
__ram1_noinit__                                   C:\Users\arthu\AppData\Local\Temp\ccnHivya.ltrans0.ltrans.o
                                                  ./build/obj/crt1.o (symbol from plugin)
__ram2_clear__                                    C:\Users\arthu\AppData\Local\Temp\ccnHivya.ltrans0.ltrans.o
                                                  ./build/obj/crt1.o (symbol from plugin)
__ram2_init__                                     C:\Users\arthu\AppData\Local\Temp\ccnHivya.ltrans0.ltrans.o
                                                  ./build/obj/crt1.o (symbol from plugin)
__ram2_init_text__                                C:\Users\arthu\AppData\Local\Temp\ccnHivya.ltrans0.ltrans.o
                                                  ./build/obj/crt1.o (symbol from plugin)
__ram2_noinit__                                   C:\Users\arthu\AppData\Local\Temp\ccnHivya.ltrans0.ltrans.o
                                                  ./build/obj/crt1.o (symbol from plugin)
__ram3_clear__                                    C:\Users\arthu\AppData\Local\Temp\ccnHivya.ltrans0.ltrans.o
                                                  ./build/obj/crt1.o (symbol from plugin)
__ram3_init__                                     C:\Users\arthu\AppData\Local\Temp\ccnHivya.ltrans0.ltrans.o
                                                  ./build/obj/crt1.o (symbol from plugin)
__ram3_init_text__                                C:\Users\arthu\AppData\Local\Temp\ccnHivya.ltrans0.ltrans.o
                                                  ./build/obj/crt1.o (symbol from plugin)
__ram3_noinit__                                   C:\Users\arthu\AppData\Local\Temp\ccnHivya.ltrans0.ltrans.o
                                                  ./build/obj/crt1.o (symbol from plugin)
__ram4_clear__                                    C:\Users\arthu\AppData\Local\Temp\ccnHivya.ltrans0.ltrans.o
                                                  ./build/obj/crt1.o (symbol from plugin)
__ram4_init__                                     C:\Users\arthu\AppData\Local\Temp\ccnHivya.ltrans0.ltrans.o
                                                  ./build/obj/crt1.o (symbol from plugin)
__ram4_init_text__                                C:\Users\arthu\AppData\Local\Temp\ccnHivya.ltrans0.ltrans.o
                                                  ./build/obj/crt1.o (symbol from plugin)
__ram4_noinit__                                   C:\Users\arthu\AppData\Local\Temp\ccnHivya.ltrans0.ltrans.o
                                                  ./build/obj/crt1.o (symbol from plugin)
__ram5_clear__                                    C:\Users\arthu\AppData\Local\Temp\ccnHivya.ltrans0.ltrans.o
                                                  ./build/obj/crt1.o (symbol from plugin)
__ram5_init__                                     C:\Users\arthu\AppData\Local\Temp\ccnHivya.ltrans0.ltrans.o
                                                  ./build/obj/crt1.o (symbol from plugin)
__ram5_init_text__                                C:\Users\arthu\AppData\Local\Temp\ccnHivya.ltrans0.ltrans.o
                                                  ./build/obj/crt1.o (symbol from plugin)
__ram5_noinit__                                   C:\Users\arthu\AppData\Local\Temp\ccnHivya.ltrans0.ltrans.o
                                                  ./build/obj/crt1.o (symbol from plugin)
__ram6_clear__                                    C:\Users\arthu\AppData\Local\Temp\ccnHivya.ltrans0.ltrans.o
                                                  ./build/obj/crt1.o (symbol from plugin)
__ram6_init__                                     C:\Users\arthu\AppData\Local\Temp\ccnHivya.ltrans0.ltrans.o
                                                  ./build/obj/crt1.o (symbol from plugin)
__ram6_init_text__                                C:\Users\arthu\AppData\Local\Temp\ccnHivya.ltrans0.ltrans.o
                                                  ./build/obj/crt1.o (symbol from plugin)
__ram6_noinit__                                   C:\Users\arthu\AppData\Local\Temp\ccnHivya.ltrans0.ltrans.o
                                                  ./build/obj/crt1.o (symbol from plugin)
__ram7_clear__                                    C:\Users\arthu\AppData\Local\Temp\ccnHivya.ltrans0.ltrans.o
                                                  ./build/obj/crt1.o (symbol from plugin)
__ram7_init__                                     C:\Users\arthu\AppData\Local\Temp\ccnHivya.ltrans0.ltrans.o
                                                  ./build/obj/crt1.o (symbol from plugin)
__ram7_init_text__                                C:\Users\arthu\AppData\Local\Temp\ccnHivya.ltrans0.ltrans.o
                                                  ./build/obj/crt1.o (symbol from plugin)
__ram7_noinit__                                   C:\Users\arthu\AppData\Local\Temp\ccnHivya.ltrans0.ltrans.o
                                                  ./build/obj/crt1.o (symbol from plugin)
__textdata_base__                                 ./build/obj/crt0_v7m.o
__thd_object_init                                 ./build/obj/chthreads.o (symbol from plugin)
                                                  ./build/obj/chinstances.o (symbol from plugin)
_crt0_entry                                       ./build/obj/crt0_v7m.o
                                                  ./build/obj/vectors.o
_pal_events                                       ./build/obj/hal_pal_lld.o (symbol from plugin)
                                                  ./build/obj/stm32_isr.o (symbol from plugin)
                                                  ./build/obj/hal_pal.o (symbol from plugin)
_pal_lld_disablepadevent                          ./build/obj/hal_pal_lld.o (symbol from plugin)
_pal_lld_enablepadevent                           ./build/obj/hal_pal_lld.o (symbol from plugin)
                                                  ./build/obj/main.o (symbol from plugin)
_pal_lld_init                                     ./build/obj/hal_pal_lld.o (symbol from plugin)
                                                  ./build/obj/hal.o (symbol from plugin)
_pal_lld_setgroupmode                             ./build/obj/hal_pal_lld.o (symbol from plugin)
                                                  ./build/obj/main.o (symbol from plugin)
                                                  ./build/obj/hal_pal.o (symbol from plugin)
_unhandled_exception                              ./build/obj/vectors.o
_vectors                                          ./build/obj/vectors.o
                                                  ./build/obj/crt0_v7m.o
board.c.c0a512c2                                  C:\Users\arthu\AppData\Local\Temp\ccDkmcH8.debug.temp.o
                                                  C:\Users\arthu\AppData\Local\Temp\ccnHivya.ltrans0.ltrans.o
boardInit                                         ./build/obj/board.o (symbol from plugin)
                                                  ./build/obj/hal.o (symbol from plugin)
bsIncomingDataI                                   ./build/obj/hal_buffered_serial.o (symbol from plugin)
bsRequestDataI                                    ./build/obj/hal_buffered_serial.o (symbol from plugin)
ch0                                               ./build/obj/chsys.o (symbol from plugin)
                                                  ./build/obj/chmsg.o (symbol from plugin)
                                                  ./build/obj/chevents.o (symbol from plugin)
                                                  ./build/obj/chcond.o (symbol from plugin)
                                                  ./build/obj/chmtx.o (symbol from plugin)
                                                  ./build/obj/chsem.o (symbol from plugin)
                                                  ./build/obj/chregistry.o (symbol from plugin)
                                                  ./build/obj/chthreads.o (symbol from plugin)
                                                  ./build/obj/chinstances.o (symbol from plugin)
                                                  ./build/obj/chschd.o (symbol from plugin)
                                                  ./build/obj/chvt.o (symbol from plugin)
                                                  ./build/obj/chrfcu.o (symbol from plugin)
chCacheGetObject                                  ./build/obj/chobjcaches.o (symbol from plugin)
chCacheObjectInit                                 ./build/obj/chobjcaches.o (symbol from plugin)
chCacheReadObject                                 ./build/obj/chobjcaches.o (symbol from plugin)
chCacheReleaseObjectI                             ./build/obj/chobjcaches.o (symbol from plugin)
chCacheWriteObject                                ./build/obj/chobjcaches.o (symbol from plugin)
chCondBroadcast                                   ./build/obj/chcond.o (symbol from plugin)
chCondBroadcastI                                  ./build/obj/chcond.o (symbol from plugin)
chCondObjectInit                                  ./build/obj/chcond.o (symbol from plugin)
chCondSignal                                      ./build/obj/chcond.o (symbol from plugin)
chCondSignalI                                     ./build/obj/chcond.o (symbol from plugin)
chCondWait                                        ./build/obj/chcond.o (symbol from plugin)
chCondWaitS                                       ./build/obj/chcond.o (symbol from plugin)
chCondWaitTimeout                                 ./build/obj/chcond.o (symbol from plugin)
chCondWaitTimeoutS                                ./build/obj/chcond.o (symbol from plugin)
chCoreAllocFromBase                               ./build/obj/chmemcore.o (symbol from plugin)
chCoreAllocFromBaseI                              ./build/obj/chmemcore.o (symbol from plugin)
chCoreAllocFromTop                                ./build/obj/chmemcore.o (symbol from plugin)
                                                  ./build/obj/chmemheaps.o (symbol from plugin)
chCoreAllocFromTopI                               ./build/obj/chmemcore.o (symbol from plugin)
                                                  ./build/obj/chfactory.o (symbol from plugin)
chCoreGetStatusX                                  ./build/obj/chmemcore.o (symbol from plugin)
chDelegateCallVeneer                              ./build/obj/chdelegates.o (symbol from plugin)
chDelegateDispatch                                ./build/obj/chdelegates.o (symbol from plugin)
chDelegateDispatchTimeout                         ./build/obj/chdelegates.o (symbol from plugin)
chEvtAddEvents                                    ./build/obj/chevents.o (symbol from plugin)
chEvtBroadcastFlags                               ./build/obj/chevents.o (symbol from plugin)
                                                  ./build/obj/main.o (symbol from plugin)
chEvtBroadcastFlagsI                              ./build/obj/chevents.o (symbol from plugin)
                                                  ./build/obj/main.o (symbol from plugin)
                                                  ./build/obj/hal_buffered_serial.o (symbol from plugin)
chEvtDispatch                                     ./build/obj/chevents.o (symbol from plugin)
chEvtGetAndClearEvents                            ./build/obj/chevents.o (symbol from plugin)
chEvtGetAndClearEventsI                           ./build/obj/chevents.o (symbol from plugin)
chEvtGetAndClearFlags                             ./build/obj/chevents.o (symbol from plugin)
chEvtGetAndClearFlagsI                            ./build/obj/chevents.o (symbol from plugin)
chEvtRegisterMaskWithFlags                        ./build/obj/chevents.o (symbol from plugin)
                                                  ./build/obj/main.o (symbol from plugin)
chEvtRegisterMaskWithFlagsI                       ./build/obj/chevents.o (symbol from plugin)
chEvtSignal                                       ./build/obj/chevents.o (symbol from plugin)
chEvtSignalI                                      ./build/obj/chevents.o (symbol from plugin)
chEvtUnregister                                   ./build/obj/chevents.o (symbol from plugin)
chEvtWaitAll                                      ./build/obj/chevents.o (symbol from plugin)
chEvtWaitAllTimeout                               ./build/obj/chevents.o (symbol from plugin)
chEvtWaitAny                                      ./build/obj/chevents.o (symbol from plugin)
                                                  ./build/obj/main.o (symbol from plugin)
chEvtWaitAnyTimeout                               ./build/obj/chevents.o (symbol from plugin)
chEvtWaitOne                                      ./build/obj/chevents.o (symbol from plugin)
chEvtWaitOneTimeout                               ./build/obj/chevents.o (symbol from plugin)
chFactoryCreateBuffer                             ./build/obj/chfactory.o (symbol from plugin)
chFactoryCreateMailbox                            ./build/obj/chfactory.o (symbol from plugin)
chFactoryCreateObjectsFIFO                        ./build/obj/chfactory.o (symbol from plugin)
chFactoryCreatePipe                               ./build/obj/chfactory.o (symbol from plugin)
chFactoryCreateSemaphore                          ./build/obj/chfactory.o (symbol from plugin)
chFactoryFindBuffer                               ./build/obj/chfactory.o (symbol from plugin)
chFactoryFindMailbox                              ./build/obj/chfactory.o (symbol from plugin)
chFactoryFindObject                               ./build/obj/chfactory.o (symbol from plugin)
chFactoryFindObjectByPointer                      ./build/obj/chfactory.o (symbol from plugin)
chFactoryFindObjectsFIFO                          ./build/obj/chfactory.o (symbol from plugin)
chFactoryFindPipe                                 ./build/obj/chfactory.o (symbol from plugin)
chFactoryFindSemaphore                            ./build/obj/chfactory.o (symbol from plugin)
chFactoryRegisterObject                           ./build/obj/chfactory.o (symbol from plugin)
chFactoryReleaseBuffer                            ./build/obj/chfactory.o (symbol from plugin)
chFactoryReleaseMailbox                           ./build/obj/chfactory.o (symbol from plugin)
chFactoryReleaseObject                            ./build/obj/chfactory.o (symbol from plugin)
chFactoryReleaseObjectsFIFO                       ./build/obj/chfactory.o (symbol from plugin)
chFactoryReleasePipe                              ./build/obj/chfactory.o (symbol from plugin)
chFactoryReleaseSemaphore                         ./build/obj/chfactory.o (symbol from plugin)
chGuardedPoolAllocTimeout                         ./build/obj/chmempools.o (symbol from plugin)
chGuardedPoolAllocTimeoutS                        ./build/obj/chmempools.o (symbol from plugin)
chGuardedPoolFree                                 ./build/obj/chmempools.o (symbol from plugin)
chGuardedPoolLoadArray                            ./build/obj/chmempools.o (symbol from plugin)
                                                  ./build/obj/chfactory.o (symbol from plugin)
chGuardedPoolObjectInitAligned                    ./build/obj/chmempools.o (symbol from plugin)
                                                  ./build/obj/chfactory.o (symbol from plugin)
chHeapAllocAligned                                ./build/obj/chmemheaps.o (symbol from plugin)
                                                  ./build/obj/chfactory.o (symbol from plugin)
                                                  ./build/obj/chdynamic.o (symbol from plugin)
chHeapFree                                        ./build/obj/chmemheaps.o (symbol from plugin)
                                                  ./build/obj/chfactory.o (symbol from plugin)
                                                  ./build/obj/chthreads.o (symbol from plugin)
chHeapObjectInit                                  ./build/obj/chmemheaps.o (symbol from plugin)
chHeapStatus                                      ./build/obj/chmemheaps.o (symbol from plugin)
chInstanceObjectInit                              ./build/obj/chinstances.o (symbol from plugin)
                                                  ./build/obj/chsys.o (symbol from plugin)
chMBFetchI                                        ./build/obj/chmboxes.o (symbol from plugin)
chMBFetchTimeout                                  ./build/obj/chmboxes.o (symbol from plugin)
chMBFetchTimeoutS                                 ./build/obj/chmboxes.o (symbol from plugin)
chMBObjectInit                                    ./build/obj/chmboxes.o (symbol from plugin)
                                                  ./build/obj/chfactory.o (symbol from plugin)
chMBPostAheadI                                    ./build/obj/chmboxes.o (symbol from plugin)
chMBPostAheadTimeout                              ./build/obj/chmboxes.o (symbol from plugin)
chMBPostAheadTimeoutS                             ./build/obj/chmboxes.o (symbol from plugin)
chMBPostI                                         ./build/obj/chmboxes.o (symbol from plugin)
chMBPostTimeout                                   ./build/obj/chmboxes.o (symbol from plugin)
chMBPostTimeoutS                                  ./build/obj/chmboxes.o (symbol from plugin)
chMBReset                                         ./build/obj/chmboxes.o (symbol from plugin)
chMBResetI                                        ./build/obj/chmboxes.o (symbol from plugin)
chMsgPollS                                        ./build/obj/chmsg.o (symbol from plugin)
chMsgRelease                                      ./build/obj/chmsg.o (symbol from plugin)
                                                  ./build/obj/chdelegates.o (symbol from plugin)
chMsgSend                                         ./build/obj/chmsg.o (symbol from plugin)
                                                  ./build/obj/chdelegates.o (symbol from plugin)
chMsgWaitS                                        ./build/obj/chmsg.o (symbol from plugin)
                                                  ./build/obj/chdelegates.o (symbol from plugin)
chMsgWaitTimeoutS                                 ./build/obj/chmsg.o (symbol from plugin)
                                                  ./build/obj/chdelegates.o (symbol from plugin)
chMtxLock                                         ./build/obj/chmtx.o (symbol from plugin)
                                                  ./build/obj/chfactory.o (symbol from plugin)
                                                  ./build/obj/chpipes.o (symbol from plugin)
                                                  ./build/obj/chmemheaps.o (symbol from plugin)
chMtxLockS                                        ./build/obj/chmtx.o (symbol from plugin)
                                                  ./build/obj/chcond.o (symbol from plugin)
chMtxObjectInit                                   ./build/obj/chmtx.o (symbol from plugin)
                                                  ./build/obj/chfactory.o (symbol from plugin)
                                                  ./build/obj/chpipes.o (symbol from plugin)
                                                  ./build/obj/chmemheaps.o (symbol from plugin)
chMtxTryLock                                      ./build/obj/chmtx.o (symbol from plugin)
chMtxTryLockS                                     ./build/obj/chmtx.o (symbol from plugin)
chMtxUnlock                                       ./build/obj/chmtx.o (symbol from plugin)
                                                  ./build/obj/chfactory.o (symbol from plugin)
                                                  ./build/obj/chpipes.o (symbol from plugin)
                                                  ./build/obj/chmemheaps.o (symbol from plugin)
chMtxUnlockAll                                    ./build/obj/chmtx.o (symbol from plugin)
chMtxUnlockAllS                                   ./build/obj/chmtx.o (symbol from plugin)
chMtxUnlockS                                      ./build/obj/chmtx.o (symbol from plugin)
                                                  ./build/obj/chcond.o (symbol from plugin)
chPipeObjectInit                                  ./build/obj/chpipes.o (symbol from plugin)
                                                  ./build/obj/chfactory.o (symbol from plugin)
chPipeReadTimeout                                 ./build/obj/chpipes.o (symbol from plugin)
chPipeReset                                       ./build/obj/chpipes.o (symbol from plugin)
chPipeWriteTimeout                                ./build/obj/chpipes.o (symbol from plugin)
chPoolAlloc                                       ./build/obj/chmempools.o (symbol from plugin)
                                                  ./build/obj/chfactory.o (symbol from plugin)
                                                  ./build/obj/chdynamic.o (symbol from plugin)
chPoolAllocI                                      ./build/obj/chmempools.o (symbol from plugin)
chPoolFree                                        ./build/obj/chmempools.o (symbol from plugin)
                                                  ./build/obj/chfactory.o (symbol from plugin)
                                                  ./build/obj/chthreads.o (symbol from plugin)
chPoolFreeI                                       ./build/obj/chmempools.o (symbol from plugin)
chPoolLoadArray                                   ./build/obj/chmempools.o (symbol from plugin)
chPoolObjectInitAligned                           ./build/obj/chmempools.o (symbol from plugin)
                                                  ./build/obj/chfactory.o (symbol from plugin)
chRFCUCollectFaultsI                              ./build/obj/chrfcu.o (symbol from plugin)
chRFCUGetAndClearFaultsI                          ./build/obj/chrfcu.o (symbol from plugin)
chRegFindThreadByName                             ./build/obj/chregistry.o (symbol from plugin)
chRegFindThreadByPointer                          ./build/obj/chregistry.o (symbol from plugin)
chRegFindThreadByWorkingArea                      ./build/obj/chregistry.o (symbol from plugin)
chRegFirstThread                                  ./build/obj/chregistry.o (symbol from plugin)
chRegNextThread                                   ./build/obj/chregistry.o (symbol from plugin)
chSchDoPreemption                                 C:\Users\arthu\AppData\Local\Temp\ccnHivya.ltrans0.ltrans.o
                                                  ./build/obj/chschd.o (symbol from plugin)
                                                  ./build/obj/chcoreasm.o
chSchDoYieldS                                     ./build/obj/chschd.o (symbol from plugin)
                                                  ./build/obj/chthreads.o (symbol from plugin)
chSchGoSleepS                                     ./build/obj/chschd.o (symbol from plugin)
                                                  ./build/obj/chmsg.o (symbol from plugin)
                                                  ./build/obj/chevents.o (symbol from plugin)
                                                  ./build/obj/chcond.o (symbol from plugin)
                                                  ./build/obj/chmtx.o (symbol from plugin)
                                                  ./build/obj/chsem.o (symbol from plugin)
                                                  ./build/obj/chthreads.o (symbol from plugin)
chSchGoSleepTimeoutS                              ./build/obj/chschd.o (symbol from plugin)
                                                  ./build/obj/chmsg.o (symbol from plugin)
                                                  ./build/obj/chevents.o (symbol from plugin)
                                                  ./build/obj/chcond.o (symbol from plugin)
                                                  ./build/obj/chsem.o (symbol from plugin)